Archive member included because of file (symbol)

c:/freescale/kds_v3/toolchain/bin/../lib/gcc/arm-none-eabi/4.8.4/../../../../arm-none-eabi/lib/armv6-m\libg_s.a(lib_a-errno.o)
                              ./utilities/fsl_sbrk.o (__errno)
c:/freescale/kds_v3/toolchain/bin/../lib/gcc/arm-none-eabi/4.8.4/../../../../arm-none-eabi/lib/armv6-m\libg_s.a(lib_a-exit.o)
                              c:/freescale/kds_v3/toolchain/bin/../lib/gcc/arm-none-eabi/4.8.4/../../../../arm-none-eabi/lib/armv6-m/crt0.o (exit)
c:/freescale/kds_v3/toolchain/bin/../lib/gcc/arm-none-eabi/4.8.4/../../../../arm-none-eabi/lib/armv6-m\libg_s.a(lib_a-impure.o)
                              c:/freescale/kds_v3/toolchain/bin/../lib/gcc/arm-none-eabi/4.8.4/../../../../arm-none-eabi/lib/armv6-m\libg_s.a(lib_a-exit.o) (_global_impure_ptr)
c:/freescale/kds_v3/toolchain/bin/../lib/gcc/arm-none-eabi/4.8.4/../../../../arm-none-eabi/lib/armv6-m\libg_s.a(lib_a-init.o)
                              c:/freescale/kds_v3/toolchain/bin/../lib/gcc/arm-none-eabi/4.8.4/../../../../arm-none-eabi/lib/armv6-m/crt0.o (__libc_init_array)
c:/freescale/kds_v3/toolchain/bin/../lib/gcc/arm-none-eabi/4.8.4/../../../../arm-none-eabi/lib/armv6-m\libg_s.a(lib_a-memcpy-stub.o)
                              ./freertos/Source/queue.o (memcpy)
c:/freescale/kds_v3/toolchain/bin/../lib/gcc/arm-none-eabi/4.8.4/../../../../arm-none-eabi/lib/armv6-m\libg_s.a(lib_a-memset.o)
                              c:/freescale/kds_v3/toolchain/bin/../lib/gcc/arm-none-eabi/4.8.4/../../../../arm-none-eabi/lib/armv6-m/crt0.o (memset)
c:/freescale/kds_v3/toolchain/bin/../lib/gcc/arm-none-eabi/4.8.4/../../../../arm-none-eabi/lib/armv6-m\libg_s.a(lib_a-strlen.o)
                              ./utilities/fsl_debug_console.o (strlen)
c:/freescale/kds_v3/toolchain/bin/../lib/gcc/arm-none-eabi/4.8.4/armv6-m\libgcc.a(_udivsi3.o)
                              ./utilities/fsl_debug_console.o (__aeabi_uidiv)
c:/freescale/kds_v3/toolchain/bin/../lib/gcc/arm-none-eabi/4.8.4/armv6-m\libgcc.a(_divsi3.o)
                              ./utilities/fsl_debug_console.o (__aeabi_idiv)
c:/freescale/kds_v3/toolchain/bin/../lib/gcc/arm-none-eabi/4.8.4/armv6-m\libgcc.a(_dvmd_tls.o)
                              c:/freescale/kds_v3/toolchain/bin/../lib/gcc/arm-none-eabi/4.8.4/armv6-m\libgcc.a(_udivsi3.o) (__aeabi_idiv0)
c:/freescale/kds_v3/toolchain/bin/../lib/gcc/arm-none-eabi/4.8.4/../../../../arm-none-eabi/lib/armv6-m\libnosys.a(_exit.o)
                              c:/freescale/kds_v3/toolchain/bin/../lib/gcc/arm-none-eabi/4.8.4/../../../../arm-none-eabi/lib/armv6-m\libg_s.a(lib_a-exit.o) (_exit)

Discarded input sections

 .text          0x00000000        0x0 c:/freescale/kds_v3/toolchain/bin/../lib/gcc/arm-none-eabi/4.8.4/armv6-m/crti.o
 .data          0x00000000        0x0 c:/freescale/kds_v3/toolchain/bin/../lib/gcc/arm-none-eabi/4.8.4/armv6-m/crti.o
 .bss           0x00000000        0x0 c:/freescale/kds_v3/toolchain/bin/../lib/gcc/arm-none-eabi/4.8.4/armv6-m/crti.o
 .data          0x00000000        0x4 c:/freescale/kds_v3/toolchain/bin/../lib/gcc/arm-none-eabi/4.8.4/armv6-m/crtbegin.o
 .data          0x00000000        0x0 c:/freescale/kds_v3/toolchain/bin/../lib/gcc/arm-none-eabi/4.8.4/../../../../arm-none-eabi/lib/armv6-m/crt0.o
 .bss           0x00000000        0x0 c:/freescale/kds_v3/toolchain/bin/../lib/gcc/arm-none-eabi/4.8.4/../../../../arm-none-eabi/lib/armv6-m/crt0.o
 .ARM.extab     0x00000000        0x0 c:/freescale/kds_v3/toolchain/bin/../lib/gcc/arm-none-eabi/4.8.4/../../../../arm-none-eabi/lib/armv6-m/crt0.o
 .text          0x00000000        0x0 ./utilities/fsl_debug_console.o
 .data          0x00000000        0x0 ./utilities/fsl_debug_console.o
 .bss           0x00000000        0x0 ./utilities/fsl_debug_console.o
 .text.UART_EnableTx
                0x00000000       0x40 ./utilities/fsl_debug_console.o
 .text.UART_EnableRx
                0x00000000       0x40 ./utilities/fsl_debug_console.o
 .text.LPSCI_EnableTx
                0x00000000       0x40 ./utilities/fsl_debug_console.o
 .text.LPSCI_EnableRx
                0x00000000       0x40 ./utilities/fsl_debug_console.o
 .text.DbgConsole_Init
                0x00000000       0xfc ./utilities/fsl_debug_console.o
 .text.DbgConsole_Deinit
                0x00000000       0x60 ./utilities/fsl_debug_console.o
 .text.DbgConsole_Scanf
                0x00000000       0xd0 ./utilities/fsl_debug_console.o
 .text.DbgConsole_Getchar
                0x00000000       0x48 ./utilities/fsl_debug_console.o
 .text.DbgConsole_ScanIgnoreWhiteSpace
                0x00000000       0x8c ./utilities/fsl_debug_console.o
 .text.DbgConsole_ScanfFormattedData
                0x00000000      0x550 ./utilities/fsl_debug_console.o
 .rodata.DbgConsole_ScanfFormattedData
                0x00000000      0x124 ./utilities/fsl_debug_console.o
 .text._write   0x00000000       0x5c ./utilities/fsl_debug_console.o
[...]
Memory Configuration

Name             Origin             Length             Attributes
m_interrupts     0x00000000         0x00000200         xr
m_flash_config   0x00000400         0x00000010         xr
m_text           0x00000410         0x0001fbf0         xr
m_data           0x1ffff000         0x00004000         rw
*default*        0x00000000         0xffffffff

Linker script and memory map

LOAD c:/freescale/kds_v3/toolchain/bin/../lib/gcc/arm-none-eabi/4.8.4/armv6-m/crti.o
LOAD c:/freescale/kds_v3/toolchain/bin/../lib/gcc/arm-none-eabi/4.8.4/armv6-m/crtbegin.o
LOAD c:/freescale/kds_v3/toolchain/bin/../lib/gcc/arm-none-eabi/4.8.4/../../../../arm-none-eabi/lib/armv6-m/crt0.o
START GROUP
LOAD ./utilities/fsl_debug_console.o
LOAD ./utilities/fsl_sbrk.o
LOAD ./sources/board.o
LOAD ./sources/clock_config.o
LOAD ./sources/freertos_main.o
LOAD ./sources/pin_mux.o
LOAD ./freertos/Source/portable/MemMang/heap_4.o
LOAD ./freertos/Source/portable/GCC/ARM_CM0/fsl_tickless_systick.o
LOAD ./freertos/Source/portable/GCC/ARM_CM0/port.o
LOAD ./freertos/Source/croutine.o
LOAD ./freertos/Source/event_groups.o
LOAD ./freertos/Source/list.o
LOAD ./freertos/Source/queue.o
LOAD ./freertos/Source/tasks.o
LOAD ./freertos/Source/timers.o
LOAD ./drivers/fsl_clock.o
LOAD ./drivers/fsl_common.o
LOAD ./drivers/fsl_flash.o
LOAD ./drivers/fsl_gpio.o
LOAD ./drivers/fsl_lpsci.o
LOAD ./drivers/fsl_smc.o
LOAD ./drivers/fsl_uart.o
LOAD ./drivers/fsl_uart_freertos.o
LOAD ./devices/gcc/startup_MKL25Z4.o
LOAD ./devices/system_MKL25Z4.o
LOAD c:/freescale/kds_v3/toolchain/bin/../lib/gcc/arm-none-eabi/4.8.4/../../../../arm-none-eabi/lib/armv6-m\libg_s.a
LOAD c:/freescale/kds_v3/toolchain/bin/../lib/gcc/arm-none-eabi/4.8.4/armv6-m\libgcc.a
LOAD c:/freescale/kds_v3/toolchain/bin/../lib/gcc/arm-none-eabi/4.8.4/../../../../arm-none-eabi/lib/armv6-m\libnosys.a
END GROUP
LOAD c:/freescale/kds_v3/toolchain/bin/../lib/gcc/arm-none-eabi/4.8.4/../../../../arm-none-eabi/lib/armv6-m\libstdc++_s.a
LOAD c:/freescale/kds_v3/toolchain/bin/../lib/gcc/arm-none-eabi/4.8.4/../../../../arm-none-eabi/lib/armv6-m\libm.a
START GROUP
LOAD c:/freescale/kds_v3/toolchain/bin/../lib/gcc/arm-none-eabi/4.8.4/armv6-m\libgcc.a
LOAD c:/freescale/kds_v3/toolchain/bin/../lib/gcc/arm-none-eabi/4.8.4/../../../../arm-none-eabi/lib/armv6-m\libg_s.a
LOAD c:/freescale/kds_v3/toolchain/bin/../lib/gcc/arm-none-eabi/4.8.4/../../../../arm-none-eabi/lib/armv6-m\libc_s.a
END GROUP
START GROUP
LOAD c:/freescale/kds_v3/toolchain/bin/../lib/gcc/arm-none-eabi/4.8.4/armv6-m\libgcc.a
LOAD c:/freescale/kds_v3/toolchain/bin/../lib/gcc/arm-none-eabi/4.8.4/../../../../arm-none-eabi/lib/armv6-m\libc_s.a
END GROUP
LOAD c:/freescale/kds_v3/toolchain/bin/../lib/gcc/arm-none-eabi/4.8.4/armv6-m/crtend.o
LOAD c:/freescale/kds_v3/toolchain/bin/../lib/gcc/arm-none-eabi/4.8.4/armv6-m/crtn.o
                0x00000400                HEAP_SIZE = DEFINED (__heap_size__)?__heap_size__:0x400
                0x00000400                STACK_SIZE = DEFINED (__stack_size__)?__stack_size__:0x400
                0x00000000                M_VECTOR_RAM_SIZE = DEFINED (__ram_vector_table__)?0x200:0x0

.interrupts     0x00000000       0xc0
                0x00000000                __VECTOR_TABLE = .
                0x00000000                . = ALIGN (0x4)
 *(.isr_vector)
 .isr_vector    0x00000000       0xc0 ./devices/gcc/startup_MKL25Z4.o
                0x00000000                __isr_vector
                0x000000c0                . = ALIGN (0x4)

.flash_config   0x00000400       0x10
                0x00000400                . = ALIGN (0x4)
 *(.FlashConfig)
 .FlashConfig   0x00000400       0x10 ./devices/gcc/startup_MKL25Z4.o
                0x00000410                . = ALIGN (0x4)

.text           0x00000410     0x57f8
                0x00000410                . = ALIGN (0x4)
 *(.text)
 .text          0x00000410       0x60 c:/freescale/kds_v3/toolchain/bin/../lib/gcc/arm-none-eabi/4.8.4/armv6-m/crtbegin.o
 .text          0x00000470       0x78 c:/freescale/kds_v3/toolchain/bin/../lib/gcc/arm-none-eabi/4.8.4/../../../../arm-none-eabi/lib/armv6-m/crt0.o
                0x00000470                _start
                0x00000470                _mainCRTStartup
 .text          0x000004e8       0xe8 ./devices/gcc/startup_MKL25Z4.o
                0x000004e8                Reset_Handler
                0x00000548                DMA0_DriverIRQHandler
                0x00000548                SPI0_DriverIRQHandler
                0x00000548                SPI1_DriverIRQHandler
                0x00000548                Reserved45_IRQHandler
                0x00000548                CMP0_IRQHandler
                0x00000548                I2C0_DriverIRQHandler
                0x00000548                DMA2_DriverIRQHandler
                0x00000548                TPM0_IRQHandler
                0x00000548                LLWU_IRQHandler
                0x00000548                TSI0_IRQHandler
                0x00000548                LPTMR0_IRQHandler
                0x00000548                ADC0_IRQHandler
                0x00000548                Reserved39_IRQHandler
                0x00000548                FTFA_IRQHandler
                0x00000548                DefaultISR
                0x00000548                PORTD_IRQHandler
                0x00000548                TPM2_IRQHandler
                0x00000548                RTC_IRQHandler
                0x00000548                MCG_IRQHandler
                0x00000548                DMA3_DriverIRQHandler
                0x00000548                RTC_Seconds_IRQHandler
                0x00000548                DAC0_IRQHandler
                0x00000548                PORTA_IRQHandler
                0x00000548                Reserved20_IRQHandler
                0x00000548                USB0_IRQHandler
                0x00000548                PIT_IRQHandler
                0x00000548                DMA1_DriverIRQHandler
                0x00000548                LVD_LVW_IRQHandler
                0x00000548                I2C1_DriverIRQHandler
                0x00000548                TPM1_IRQHandler
                0x0000054c                NMI_Handler
                0x00000550                HardFault_Handler
                0x00000560                DMA0_IRQHandler
                0x00000564                DMA1_IRQHandler
                0x00000568                DMA2_IRQHandler
                0x0000056c                DMA3_IRQHandler
                0x00000570                I2C0_IRQHandler
                0x00000574                I2C1_IRQHandler
                0x00000578                SPI0_IRQHandler
                0x0000057c                SPI1_IRQHandler
                0x00000580                UART0_IRQHandler
                0x00000584                UART1_IRQHandler
                0x00000588                UART2_IRQHandler
 .text          0x000005d0       0x9c c:/freescale/kds_v3/toolchain/bin/../lib/gcc/arm-none-eabi/4.8.4/armv6-m\libgcc.a(_udivsi3.o)
                0x000005d0                __aeabi_uidiv
                0x000005d0                __udivsi3
                0x00000658                __aeabi_uidivmod
 .text          0x0000066c       0xc0 c:/freescale/kds_v3/toolchain/bin/../lib/gcc/arm-none-eabi/4.8.4/armv6-m\libgcc.a(_divsi3.o)
                0x0000066c                __divsi3
                0x0000066c                __aeabi_idiv
                0x00000718                __aeabi_idivmod
 .text          0x0000072c        0x4 c:/freescale/kds_v3/toolchain/bin/../lib/gcc/arm-none-eabi/4.8.4/armv6-m\libgcc.a(_dvmd_tls.o)
                0x0000072c                __aeabi_idiv0
                0x0000072c                __aeabi_ldiv0
 *(.text*)
 .text.DbgConsole_Printf
                0x00000730       0x48 ./utilities/fsl_debug_console.o
                0x00000730                DbgConsole_Printf
 .text.DbgConsole_Putchar
                0x00000778       0x38 ./utilities/fsl_debug_console.o
                0x00000778                DbgConsole_Putchar
 .text.DbgConsole_PrintfPaddingCharacter
                0x000007b0       0x48 ./utilities/fsl_debug_console.o
 .text.DbgConsole_ConvertRadixNumToString
                0x000007f8      0x118 ./utilities/fsl_debug_console.o
 .text.DbgConsole_PrintfFormattedData
                0x00000910      0x344 ./utilities/fsl_debug_console.o
 .text.CLOCK_SetSimSafeDivs
                0x00000c54       0x1c ./sources/clock_config.o
 .text.CLOCK_SetXtal0Freq
                0x00000c70       0x18 ./sources/clock_config.o
 .text.CLOCK_CONFIG_SetFllExtRefDiv
                0x00000c88       0x38 ./sources/clock_config.o
 .text.BOARD_BootClockRUN
                0x00000cc0       0x68 ./sources/clock_config.o
                0x00000cc0                BOARD_BootClockRUN
 .text.main     0x00000d28       0x34 ./sources/freertos_main.o
                0x00000d28                main
 .text.uart_task
                0x00000d5c      0x134 ./sources/freertos_main.o
 .text.CLOCK_EnableClock
                0x00000e90       0x34 ./sources/pin_mux.o
 .text.PORT_SetPinMux
                0x00000ec4       0x3c ./sources/pin_mux.o
 .text.BOARD_InitPins
                0x00000f00       0x4c ./sources/pin_mux.o
                0x00000f00                BOARD_InitPins
 .text.pvPortMalloc
                0x00000f4c      0x14c ./freertos/Source/portable/MemMang/heap_4.o
                0x00000f4c                pvPortMalloc
 .text.vPortFree
                0x00001098       0x8c ./freertos/Source/portable/MemMang/heap_4.o
                0x00001098                vPortFree
 .text.prvHeapInit
                0x00001124       0xbc ./freertos/Source/portable/MemMang/heap_4.o
 .text.prvInsertBlockIntoFreeList
                0x000011e0       0xac ./freertos/Source/portable/MemMang/heap_4.o
 .text.prvSetupTimerInterrupt
                0x0000128c       0x3c ./freertos/Source/portable/GCC/ARM_CM0/fsl_tickless_systick.o
                0x0000128c                prvSetupTimerInterrupt
 .text.pxPortInitialiseStack
                0x000012c8       0x54 ./freertos/Source/portable/GCC/ARM_CM0/port.o
                0x000012c8                pxPortInitialiseStack
 .text.prvTaskExitError
                0x0000131c       0x18 ./freertos/Source/portable/GCC/ARM_CM0/port.o
 .text.SVC_Handler
                0x00001334        0x8 ./freertos/Source/portable/GCC/ARM_CM0/port.o
                0x00001334                SVC_Handler
 *fill*         0x0000133c        0x4 
 .text.vPortStartFirstTask
                0x00001340       0x40 ./freertos/Source/portable/GCC/ARM_CM0/port.o
 .text.xPortStartScheduler
                0x00001380       0x44 ./freertos/Source/portable/GCC/ARM_CM0/port.o
                0x00001380                xPortStartScheduler
 .text.vPortYield
                0x000013c4       0x1c ./freertos/Source/portable/GCC/ARM_CM0/port.o
                0x000013c4                vPortYield
 .text.vPortEnterCritical
                0x000013e0       0x20 ./freertos/Source/portable/GCC/ARM_CM0/port.o
                0x000013e0                vPortEnterCritical
 .text.vPortExitCritical
                0x00001400       0x2c ./freertos/Source/portable/GCC/ARM_CM0/port.o
                0x00001400                vPortExitCritical
 .text.ulSetInterruptMaskFromISR
                0x0000142c        0xc ./freertos/Source/portable/GCC/ARM_CM0/port.o
                0x0000142c                ulSetInterruptMaskFromISR
 .text.vClearInterruptMaskFromISR
                0x00001438        0x8 ./freertos/Source/portable/GCC/ARM_CM0/port.o
                0x00001438                vClearInterruptMaskFromISR
 .text.PendSV_Handler
                0x00001440       0x50 ./freertos/Source/portable/GCC/ARM_CM0/port.o
                0x00001440                PendSV_Handler
 .text.SysTick_Handler
                0x00001490       0x34 ./freertos/Source/portable/GCC/ARM_CM0/port.o
                0x00001490                SysTick_Handler
 .text.xEventGroupCreate
                0x000014c4       0x30 ./freertos/Source/event_groups.o
                0x000014c4                xEventGroupCreate
 .text.xEventGroupWaitBits
                0x000014f4      0x158 ./freertos/Source/event_groups.o
                0x000014f4                xEventGroupWaitBits
 .text.xEventGroupClearBits
                0x0000164c       0x4c ./freertos/Source/event_groups.o
                0x0000164c                xEventGroupClearBits
 .text.xEventGroupSetBits
                0x00001698       0xf4 ./freertos/Source/event_groups.o
                0x00001698                xEventGroupSetBits
 .text.vEventGroupDelete
                0x0000178c       0x54 ./freertos/Source/event_groups.o
                0x0000178c                vEventGroupDelete
 .text.vEventGroupSetBitsCallback
                0x000017e0       0x1c ./freertos/Source/event_groups.o
                0x000017e0                vEventGroupSetBitsCallback
 .text.prvTestWaitCondition
                0x000017fc       0x40 ./freertos/Source/event_groups.o
 .text.xEventGroupSetBitsFromISR
                0x0000183c       0x2c ./freertos/Source/event_groups.o
                0x0000183c                xEventGroupSetBitsFromISR
 .text.vListInitialise
                0x00001868       0x3c ./freertos/Source/list.o
                0x00001868                vListInitialise
 .text.vListInitialiseItem
                0x000018a4       0x14 ./freertos/Source/list.o
                0x000018a4                vListInitialiseItem
 .text.vListInsertEnd
                0x000018b8       0x44 ./freertos/Source/list.o
                0x000018b8                vListInsertEnd
 .text.vListInsert
                0x000018fc       0x6c ./freertos/Source/list.o
                0x000018fc                vListInsert
 .text.uxListRemove
                0x00001968       0x50 ./freertos/Source/list.o
                0x00001968                uxListRemove
 .text.xQueueGenericReset
                0x000019b8       0xac ./freertos/Source/queue.o
                0x000019b8                xQueueGenericReset
 .text.xQueueGenericCreate
                0x00001a64       0x64 ./freertos/Source/queue.o
                0x00001a64                xQueueGenericCreate
 .text.prvInitialiseNewQueue
                0x00001ac8       0x4c ./freertos/Source/queue.o
 .text.prvInitialiseMutex
                0x00001b14       0x34 ./freertos/Source/queue.o
 .text.xQueueCreateMutex
                0x00001b48       0x3c ./freertos/Source/queue.o
                0x00001b48                xQueueCreateMutex
 .text.xQueueGenericSend
                0x00001b84      0x1a0 ./freertos/Source/queue.o
                0x00001b84                xQueueGenericSend
 .text.xQueueGenericSendFromISR
                0x00001d24       0xec ./freertos/Source/queue.o
                0x00001d24                xQueueGenericSendFromISR
 .text.xQueueGenericReceive
                0x00001e10      0x1dc ./freertos/Source/queue.o
                0x00001e10                xQueueGenericReceive
 .text.vQueueDelete
                0x00001fec       0x2c ./freertos/Source/queue.o
                0x00001fec                vQueueDelete
 .text.prvCopyDataToQueue
                0x00002018       0xe0 ./freertos/Source/queue.o
 .text.prvCopyDataFromQueue
                0x000020f8       0x50 ./freertos/Source/queue.o
 .text.prvUnlockQueue
                0x00002148       0xc0 ./freertos/Source/queue.o
 .text.prvIsQueueEmpty
                0x00002208       0x2c ./freertos/Source/queue.o
 .text.prvIsQueueFull
                0x00002234       0x30 ./freertos/Source/queue.o
 .text.vQueueAddToRegistry
                0x00002264       0x4c ./freertos/Source/queue.o
                0x00002264                vQueueAddToRegistry
 .text.vQueueUnregisterQueue
                0x000022b0       0x4c ./freertos/Source/queue.o
                0x000022b0                vQueueUnregisterQueue
 .text.vQueueWaitForMessageRestricted
                0x000022fc       0x70 ./freertos/Source/queue.o
                0x000022fc                vQueueWaitForMessageRestricted
 .text.xTaskCreate
                0x0000236c       0x90 ./freertos/Source/tasks.o
                0x0000236c                xTaskCreate
 .text.prvInitialiseNewTask
                0x000023fc      0x128 ./freertos/Source/tasks.o
 .text.prvAddNewTaskToReadyList
                0x00002524       0xcc ./freertos/Source/tasks.o
 .text.vTaskDelay
                0x000025f0       0x48 ./freertos/Source/tasks.o
                0x000025f0                vTaskDelay
 .text.vTaskSuspend
                0x00002638       0xb4 ./freertos/Source/tasks.o
                0x00002638                vTaskSuspend
 .text.vTaskStartScheduler
                0x000026ec       0x7c ./freertos/Source/tasks.o
                0x000026ec                vTaskStartScheduler
 .text.vTaskSuspendAll
                0x00002768       0x18 ./freertos/Source/tasks.o
                0x00002768                vTaskSuspendAll
 .text.xTaskResumeAll
                0x00002780      0x118 ./freertos/Source/tasks.o
                0x00002780                xTaskResumeAll
 .text.xTaskGetTickCount
                0x00002898       0x1c ./freertos/Source/tasks.o
                0x00002898                xTaskGetTickCount
 .text.xTaskIncrementTick
                0x000028b4      0x150 ./freertos/Source/tasks.o
                0x000028b4                xTaskIncrementTick
 .text.vTaskSwitchContext
                0x00002a04       0xa0 ./freertos/Source/tasks.o
                0x00002a04                vTaskSwitchContext
 .text.vTaskPlaceOnEventList
                0x00002aa4       0x38 ./freertos/Source/tasks.o
                0x00002aa4                vTaskPlaceOnEventList
 .text.vTaskPlaceOnUnorderedEventList
                0x00002adc       0x58 ./freertos/Source/tasks.o
                0x00002adc                vTaskPlaceOnUnorderedEventList
 .text.vTaskPlaceOnEventListRestricted
                0x00002b34       0x48 ./freertos/Source/tasks.o
                0x00002b34                vTaskPlaceOnEventListRestricted
 .text.xTaskRemoveFromEventList
                0x00002b7c       0xb8 ./freertos/Source/tasks.o
                0x00002b7c                xTaskRemoveFromEventList
 .text.xTaskRemoveFromUnorderedEventList
                0x00002c34       0xb0 ./freertos/Source/tasks.o
                0x00002c34                xTaskRemoveFromUnorderedEventList
 .text.vTaskSetTimeOutState
                0x00002ce4       0x30 ./freertos/Source/tasks.o
                0x00002ce4                vTaskSetTimeOutState
 .text.xTaskCheckForTimeOut
                0x00002d14       0x9c ./freertos/Source/tasks.o
                0x00002d14                xTaskCheckForTimeOut
 .text.vTaskMissedYield
                0x00002db0       0x14 ./freertos/Source/tasks.o
                0x00002db0                vTaskMissedYield
 .text.prvIdleTask
                0x00002dc4       0x20 ./freertos/Source/tasks.o
 .text.prvInitialiseTaskLists
                0x00002de4       0x88 ./freertos/Source/tasks.o
 .text.prvCheckTasksWaitingTermination
                0x00002e6c       0x74 ./freertos/Source/tasks.o
 .text.prvDeleteTCB
                0x00002ee0       0x20 ./freertos/Source/tasks.o
 .text.prvResetNextTaskUnblockTime
                0x00002f00       0x44 ./freertos/Source/tasks.o
 .text.xTaskGetSchedulerState
                0x00002f44       0x38 ./freertos/Source/tasks.o
                0x00002f44                xTaskGetSchedulerState
 .text.vTaskPriorityInherit
                0x00002f7c       0xbc ./freertos/Source/tasks.o
                0x00002f7c                vTaskPriorityInherit
 .text.xTaskPriorityDisinherit
                0x00003038       0xb8 ./freertos/Source/tasks.o
                0x00003038                xTaskPriorityDisinherit
 .text.uxTaskResetEventItemValue
                0x000030f0       0x2c ./freertos/Source/tasks.o
                0x000030f0                uxTaskResetEventItemValue
 .text.pvTaskIncrementMutexHeldCount
                0x0000311c       0x24 ./freertos/Source/tasks.o
                0x0000311c                pvTaskIncrementMutexHeldCount
 .text.prvAddCurrentTaskToDelayedList
                0x00003140       0xa8 ./freertos/Source/tasks.o
 .text.xTimerCreateTimerTask
                0x000031e8       0x58 ./freertos/Source/timers.o
                0x000031e8                xTimerCreateTimerTask
 .text.xTimerGenericCommand
                0x00003240       0xac ./freertos/Source/timers.o
                0x00003240                xTimerGenericCommand
 .text.prvProcessExpiredTimer
                0x000032ec       0x74 ./freertos/Source/timers.o
 .text.prvTimerTask
                0x00003360       0x28 ./freertos/Source/timers.o
 .text.prvProcessTimerOrBlockTask
                0x00003388       0x90 ./freertos/Source/timers.o
 .text.prvGetNextExpireTime
                0x00003418       0x40 ./freertos/Source/timers.o
 .text.prvSampleTimeNow
                0x00003458       0x40 ./freertos/Source/timers.o
 .text.prvInsertTimerInActiveList
                0x00003498       0x84 ./freertos/Source/timers.o
 .text.prvProcessReceivedCommands
                0x0000351c      0x140 ./freertos/Source/timers.o
 .text.prvSwitchTimerLists
                0x0000365c       0xb8 ./freertos/Source/timers.o
 .text.prvCheckForValidListAndQueue
                0x00003714       0x74 ./freertos/Source/timers.o
 .text.xTimerPendFunctionCallFromISR
                0x00003788       0x58 ./freertos/Source/timers.o
                0x00003788                xTimerPendFunctionCallFromISR
 .text.CLOCK_SetEr32kClock
                0x000037e0       0x30 ./drivers/fsl_clock.o
 .text.CLOCK_SetPllFllSelClock
                0x00003810       0x38 ./drivers/fsl_clock.o
 .text.OSC_SetExtRefClkConfig
                0x00003848       0x48 ./drivers/fsl_clock.o
 .text.OSC_SetCapLoad
                0x00003890       0x4c ./drivers/fsl_clock.o
 .text.CLOCK_GetMcgExtClkFreq
                0x000038dc       0x34 ./drivers/fsl_clock.o
 .text.CLOCK_GetFllExtRefClkFreq
                0x00003910       0xa4 ./drivers/fsl_clock.o
 .text.CLOCK_GetInternalRefClkSelectFreq
                0x000039b4       0x44 ./drivers/fsl_clock.o
 .text.CLOCK_GetFllRefClkFreq
                0x000039f8       0x30 ./drivers/fsl_clock.o
 .text.CLOCK_GetPll0RefFreq
                0x00003a28       0x10 ./drivers/fsl_clock.o
 .text.CLOCK_GetOscRangeFromFreq
                0x00003a38       0x4c ./drivers/fsl_clock.o
 .text.CLOCK_GetOsc0ErClkFreq
                0x00003a84       0x4c ./drivers/fsl_clock.o
                0x00003a84                CLOCK_GetOsc0ErClkFreq
 .text.CLOCK_GetEr32kClkFreq
                0x00003ad0       0x84 ./drivers/fsl_clock.o
                0x00003ad0                CLOCK_GetEr32kClkFreq
 .text.CLOCK_GetPllFllSelClkFreq
                0x00003b54       0x50 ./drivers/fsl_clock.o
                0x00003b54                CLOCK_GetPllFllSelClkFreq
 .text.CLOCK_GetFreq
                0x00003ba4       0xe0 ./drivers/fsl_clock.o
                0x00003ba4                CLOCK_GetFreq
 .text.CLOCK_SetSimConfig
                0x00003c84       0x34 ./drivers/fsl_clock.o
                0x00003c84                CLOCK_SetSimConfig
 .text.CLOCK_GetOutClkFreq
                0x00003cb8       0x64 ./drivers/fsl_clock.o
                0x00003cb8                CLOCK_GetOutClkFreq
 .text.CLOCK_GetFllFreq
                0x00003d1c       0x7c ./drivers/fsl_clock.o
                0x00003d1c                CLOCK_GetFllFreq
 .text.CLOCK_GetInternalRefClkFreq
                0x00003d98       0x28 ./drivers/fsl_clock.o
                0x00003d98                CLOCK_GetInternalRefClkFreq
 .text.CLOCK_GetFixedFreqClkFreq
                0x00003dc0       0x30 ./drivers/fsl_clock.o
                0x00003dc0                CLOCK_GetFixedFreqClkFreq
 .text.CLOCK_GetPll0Freq
                0x00003df0       0x80 ./drivers/fsl_clock.o
                0x00003df0                CLOCK_GetPll0Freq
 .text.CLOCK_SetExternalRefClkConfig
                0x00003e70       0x18 ./drivers/fsl_clock.o
                0x00003e70                CLOCK_SetExternalRefClkConfig
 .text.CLOCK_SetInternalRefClkConfig
                0x00003e88      0x120 ./drivers/fsl_clock.o
                0x00003e88                CLOCK_SetInternalRefClkConfig
 .text.CLOCK_EnablePll0
                0x00003fa8       0xa4 ./drivers/fsl_clock.o
                0x00003fa8                CLOCK_EnablePll0
 .text.CLOCK_InitOsc0
                0x0000404c       0x98 ./drivers/fsl_clock.o
                0x0000404c                CLOCK_InitOsc0
 .text.CLOCK_SetPbeMode
                0x000040e4       0xc0 ./drivers/fsl_clock.o
                0x000040e4                CLOCK_SetPbeMode
 .text.CLOCK_BootToPeeMode
                0x000041a4       0x80 ./drivers/fsl_clock.o
                0x000041a4                CLOCK_BootToPeeMode
 .text.__assert_func
                0x00004224       0x28 ./drivers/fsl_common.o
                0x00004224                __assert_func
 .text.UART0_DriverIRQHandler
                0x0000424c       0x24 ./drivers/fsl_lpsci.o
                0x0000424c                UART0_DriverIRQHandler
 .text.NVIC_EnableIRQ
                0x00004270       0x2c ./drivers/fsl_uart.o
 .text.CLOCK_EnableClock
                0x0000429c       0x34 ./drivers/fsl_uart.o
 .text.CLOCK_DisableClock
                0x000042d0       0x38 ./drivers/fsl_uart.o
 .text.EnableIRQ
                0x00004308       0x2c ./drivers/fsl_uart.o
 .text.UART_GetInstance
                0x00004334       0x60 ./drivers/fsl_uart.o
                0x00004334                UART_GetInstance
 .text.UART_TransferGetRxRingBufferLength
                0x00004394       0x70 ./drivers/fsl_uart.o
 .text.UART_TransferIsRxRingBufferFull
                0x00004404       0x5c ./drivers/fsl_uart.o
 .text.UART_Init
                0x00004460      0x210 ./drivers/fsl_uart.o
                0x00004460                UART_Init
 .text.UART_Deinit
                0x00004670       0x40 ./drivers/fsl_uart.o
                0x00004670                UART_Deinit
 .text.UART_GetDefaultConfig
                0x000046b0       0x50 ./drivers/fsl_uart.o
                0x000046b0                UART_GetDefaultConfig
 .text.UART_EnableInterrupts
                0x00004700       0x58 ./drivers/fsl_uart.o
                0x00004700                UART_EnableInterrupts
 .text.UART_DisableInterrupts
                0x00004758       0x64 ./drivers/fsl_uart.o
                0x00004758                UART_DisableInterrupts
 .text.UART_GetStatusFlags
                0x000047bc       0x28 ./drivers/fsl_uart.o
                0x000047bc                UART_GetStatusFlags
 .text.UART_ClearStatusFlags
                0x000047e4       0x80 ./drivers/fsl_uart.o
                0x000047e4                UART_ClearStatusFlags
 .text.UART_WriteNonBlocking
                0x00004864       0x54 ./drivers/fsl_uart.o
 .text.UART_ReadNonBlocking
                0x000048b8       0x58 ./drivers/fsl_uart.o
 .text.UART_TransferCreateHandle
                0x00004910       0x9c ./drivers/fsl_uart.o
                0x00004910                UART_TransferCreateHandle
 .text.UART_TransferStartRingBuffer
                0x000049ac       0x94 ./drivers/fsl_uart.o
                0x000049ac                UART_TransferStartRingBuffer
 .text.UART_TransferSendNonBlocking
                0x00004a40       0xd0 ./drivers/fsl_uart.o
                0x00004a40                UART_TransferSendNonBlocking
 .text.UART_TransferReceiveNonBlocking
                0x00004b10      0x1f8 ./drivers/fsl_uart.o
                0x00004b10                UART_TransferReceiveNonBlocking
 .text.UART_TransferAbortReceive
                0x00004d08       0x74 ./drivers/fsl_uart.o
                0x00004d08                UART_TransferAbortReceive
 .text.UART_TransferHandleIRQ
                0x00004d7c      0x3c8 ./drivers/fsl_uart.o
                0x00004d7c                UART_TransferHandleIRQ
 .text.UART1_DriverIRQHandler
                0x00005144       0x24 ./drivers/fsl_uart.o
                0x00005144                UART1_DriverIRQHandler
 .text.UART2_DriverIRQHandler
                0x00005168       0x24 ./drivers/fsl_uart.o
                0x00005168                UART2_DriverIRQHandler
 .text.UART_EnableTx
                0x0000518c       0x40 ./drivers/fsl_uart_freertos.o
 .text.UART_EnableRx
                0x000051cc       0x40 ./drivers/fsl_uart_freertos.o
 .text.UART_RTOS_Callback
                0x0000520c       0xd0 ./drivers/fsl_uart_freertos.o
 .text.UART_RTOS_Init
                0x000052dc      0x17c ./drivers/fsl_uart_freertos.o
                0x000052dc                UART_RTOS_Init
 .text.UART_RTOS_Deinit
                0x00005458       0x70 ./drivers/fsl_uart_freertos.o
                0x00005458                UART_RTOS_Deinit
 .text.UART_RTOS_Send
                0x000054c8       0xb8 ./drivers/fsl_uart_freertos.o
                0x000054c8                UART_RTOS_Send
 .text.UART_RTOS_Receive
                0x00005580      0x144 ./drivers/fsl_uart_freertos.o
                0x00005580                UART_RTOS_Receive
 .text.SystemInit
                0x000056c4       0x18 ./devices/system_MKL25Z4.o
                0x000056c4                SystemInit
 .text.exit     0x000056dc       0x2c c:/freescale/kds_v3/toolchain/bin/../lib/gcc/arm-none-eabi/4.8.4/../../../../arm-none-eabi/lib/armv6-m\libg_s.a(lib_a-exit.o)
                0x000056dc                exit
 .text.__libc_init_array
                0x00005708       0x4c c:/freescale/kds_v3/toolchain/bin/../lib/gcc/arm-none-eabi/4.8.4/../../../../arm-none-eabi/lib/armv6-m\libg_s.a(lib_a-init.o)
                0x00005708                __libc_init_array
 .text.memcpy   0x00005754       0x12 c:/freescale/kds_v3/toolchain/bin/../lib/gcc/arm-none-eabi/4.8.4/../../../../arm-none-eabi/lib/armv6-m\libg_s.a(lib_a-memcpy-stub.o)
                0x00005754                memcpy
 .text.memset   0x00005766       0x10 c:/freescale/kds_v3/toolchain/bin/../lib/gcc/arm-none-eabi/4.8.4/../../../../arm-none-eabi/lib/armv6-m\libg_s.a(lib_a-memset.o)
                0x00005766                memset
 .text.strlen   0x00005776        0xe c:/freescale/kds_v3/toolchain/bin/../lib/gcc/arm-none-eabi/4.8.4/../../../../arm-none-eabi/lib/armv6-m\libg_s.a(lib_a-strlen.o)
                0x00005776                strlen
 .text._exit    0x00005784        0x4 c:/freescale/kds_v3/toolchain/bin/../lib/gcc/arm-none-eabi/4.8.4/../../../../arm-none-eabi/lib/armv6-m\libnosys.a(_exit.o)
                0x00005784                _exit
 *(.rodata)
 .rodata        0x00005788       0x68 ./sources/freertos_main.o
 .rodata        0x000057f0       0x18 ./freertos/Source/tasks.o
                0x000057f8                FreeRTOSDebugConfig
 .rodata        0x00005808       0x10 ./freertos/Source/timers.o
 .rodata        0x00005818       0x48 ./drivers/fsl_clock.o
 .rodata        0x00005860       0x40 ./drivers/fsl_common.o
 .rodata        0x000058a0       0xac ./drivers/fsl_uart.o
 *(.rodata*)
 .rodata.mcgConfig_BOARD_BootClockRUN
                0x0000594c        0xc ./sources/clock_config.o
                0x0000594c                mcgConfig_BOARD_BootClockRUN
 .rodata.simConfig_BOARD_BootClockRUN
                0x00005958        0x8 ./sources/clock_config.o
                0x00005958                simConfig_BOARD_BootClockRUN
 .rodata.oscConfig_BOARD_BootClockRUN
                0x00005960        0x8 ./sources/clock_config.o
                0x00005960                oscConfig_BOARD_BootClockRUN
 .rodata.prvProcessReceivedCommands
                0x00005968       0x28 ./freertos/Source/timers.o
 .rodata.CLOCK_GetFreq
                0x00005990       0x38 ./drivers/fsl_clock.o
 .rodata.__func__.5207
                0x000059c8       0x18 ./drivers/fsl_clock.o
 .rodata.__func__.5240
                0x000059e0       0x18 ./drivers/fsl_clock.o
 .rodata.__func__.5248
                0x000059f8       0x18 ./drivers/fsl_clock.o
 .rodata.fllFactorTable.5313
                0x00005a10       0x10 ./drivers/fsl_clock.o
 .rodata.__func__.5328
                0x00005a20       0x14 ./drivers/fsl_clock.o
 .rodata.__func__.5368
                0x00005a34       0x14 ./drivers/fsl_clock.o
 .rodata.__func__.5505
                0x00005a48       0x14 ./drivers/fsl_clock.o
 .rodata.__func__.5572
                0x00005a5c       0x14 ./drivers/fsl_clock.o
 .rodata.s_uartBases
                0x00005a70        0xc ./drivers/fsl_uart.o
 .rodata.s_uartIRQ
                0x00005a7c        0x4 ./drivers/fsl_uart.o
 .rodata.s_uartClock
                0x00005a80        0xc ./drivers/fsl_uart.o
 .rodata.__func__.5391
                0x00005a8c       0x14 ./drivers/fsl_uart.o
 .rodata.__func__.5395
                0x00005aa0       0x24 ./drivers/fsl_uart.o
 .rodata.__func__.5400
                0x00005ac4       0x20 ./drivers/fsl_uart.o
 .rodata.__func__.5407
                0x00005ae4        0xc ./drivers/fsl_uart.o
 .rodata.__func__.5420
                0x00005af0       0x18 ./drivers/fsl_uart.o
 .rodata.__func__.5468
                0x00005b08       0x18 ./drivers/fsl_uart.o
 .rodata.__func__.5491
                0x00005b20       0x18 ./drivers/fsl_uart.o
 .rodata.__func__.5502
                0x00005b38       0x1c ./drivers/fsl_uart.o
 .rodata.__func__.5510
                0x00005b54       0x20 ./drivers/fsl_uart.o
 .rodata.__func__.5521
                0x00005b74       0x20 ./drivers/fsl_uart.o
 .rodata.__func__.5540
                0x00005b94       0x20 ./drivers/fsl_uart.o
 .rodata.__func__.5553
                0x00005bb4       0x1c ./drivers/fsl_uart.o
 .rodata.__func__.5564
                0x00005bd0       0x18 ./drivers/fsl_uart.o
 .rodata.str1.1
                0x00005be8        0x2 c:/freescale/kds_v3/toolchain/bin/../lib/gcc/arm-none-eabi/4.8.4/../../../../arm-none-eabi/lib/armv6-m\libg_s.a(lib_a-impure.o)
 *fill*         0x00005bea        0x2 
 .rodata._global_impure_ptr
                0x00005bec        0x4 c:/freescale/kds_v3/toolchain/bin/../lib/gcc/arm-none-eabi/4.8.4/../../../../arm-none-eabi/lib/armv6-m\libg_s.a(lib_a-impure.o)
                0x00005bec                _global_impure_ptr
 *(.glue_7)
 .glue_7        0x00000000        0x0 linker stubs
 *(.glue_7t)
 .glue_7t       0x00000000        0x0 linker stubs
 *(.eh_frame)
 .eh_frame      0x00005bf0        0x0 c:/freescale/kds_v3/toolchain/bin/../lib/gcc/arm-none-eabi/4.8.4/armv6-m/crtbegin.o
 *(.init)
 .init          0x00005bf0        0x4 c:/freescale/kds_v3/toolchain/bin/../lib/gcc/arm-none-eabi/4.8.4/armv6-m/crti.o
                0x00005bf0                _init
 .init          0x00005bf4        0x8 c:/freescale/kds_v3/toolchain/bin/../lib/gcc/arm-none-eabi/4.8.4/armv6-m/crtn.o
 *(.fini)
 .fini          0x00005bfc        0x4 c:/freescale/kds_v3/toolchain/bin/../lib/gcc/arm-none-eabi/4.8.4/armv6-m/crti.o
                0x00005bfc                _fini
 .fini          0x00005c00        0x8 c:/freescale/kds_v3/toolchain/bin/../lib/gcc/arm-none-eabi/4.8.4/armv6-m/crtn.o
                0x00005c08                . = ALIGN (0x4)

.vfp11_veneer   0x00005c08        0x0
 .vfp11_veneer  0x00000000        0x0 linker stubs

.v4_bx          0x00005c08        0x0
 .v4_bx         0x00000000        0x0 linker stubs

.iplt           0x00005c08        0x0
 .iplt          0x00000000        0x0 c:/freescale/kds_v3/toolchain/bin/../lib/gcc/arm-none-eabi/4.8.4/armv6-m/crtbegin.o

.ARM.extab
 *(.ARM.extab* .gnu.linkonce.armextab.*)

.ARM            0x00005c08        0x8
                0x00005c08                __exidx_start = .
 *(.ARM.exidx*)
 .ARM.exidx     0x00005c08        0x8 c:/freescale/kds_v3/toolchain/bin/../lib/gcc/arm-none-eabi/4.8.4/../../../../arm-none-eabi/lib/armv6-m/crt0.o
                0x00005c10                __exidx_end = .

.rel.dyn        0x00005c10        0x0
 .rel.iplt      0x00000000        0x0 c:/freescale/kds_v3/toolchain/bin/../lib/gcc/arm-none-eabi/4.8.4/armv6-m/crtbegin.o

.ctors          0x00005c10        0x0
                0x00005c10                __CTOR_LIST__ = .
 *crtbegin.o(.ctors)
 *crtbegin?.o(.ctors)
 *(EXCLUDE_FILE(*crtend.o *crtend?.o) .ctors)
 *(SORT(.ctors.*))
 *(.ctors)
                0x00005c10                __CTOR_END__ = .

.dtors          0x00005c10        0x0
                0x00005c10                __DTOR_LIST__ = .
 *crtbegin.o(.dtors)
 *crtbegin?.o(.dtors)
 *(EXCLUDE_FILE(*crtend.o *crtend?.o) .dtors)
 *(SORT(.dtors.*))
 *(.dtors)
                0x00005c10                __DTOR_END__ = .

.preinit_array  0x00005c10        0x0
                0x00005c10                PROVIDE (__preinit_array_start, .)
 *(.preinit_array*)
                0x00005c10                PROVIDE (__preinit_array_end, .)

.init_array     0x00005c10        0x4
                0x00005c10                PROVIDE (__init_array_start, .)
 *(SORT(.init_array.*))
 *(.init_array*)
 .init_array    0x00005c10        0x4 c:/freescale/kds_v3/toolchain/bin/../lib/gcc/arm-none-eabi/4.8.4/armv6-m/crtbegin.o
                0x00005c14                PROVIDE (__init_array_end, .)

.fini_array     0x00005c14        0x4
                0x00005c14                PROVIDE (__fini_array_start, .)
 *(SORT(.fini_array.*))
 *(.fini_array*)
 .fini_array    0x00005c14        0x4 c:/freescale/kds_v3/toolchain/bin/../lib/gcc/arm-none-eabi/4.8.4/armv6-m/crtbegin.o
                0x00005c18                PROVIDE (__fini_array_end, .)
                0x00005c18                __etext = .
                0x00005c18                __DATA_ROM = .

.mtb            0x1ffff000        0x0
                0x1ffff000                . = ALIGN (0x8)
                0x1ffff000                _mtb_start = .
 *(.mtb_buf)
                0x1ffff000                . = ALIGN (0x8)
                0x1ffff000                _mtb_end = .

.interrupts_ram
                0x1ffff000        0x0
                0x1ffff000                . = ALIGN (0x4)
                0x1ffff000                __VECTOR_RAM__ = .
                0x1ffff000                __interrupts_ram_start__ = .
 *(.m_interrupts_ram)
                0x1ffff000                . = (. + M_VECTOR_RAM_SIZE)
                0x1ffff000                . = ALIGN (0x4)
                0x1ffff000                __interrupts_ram_end__ = .
                0x00000000                __VECTOR_RAM = DEFINED (__ram_vector_table__)?__VECTOR_RAM__:ORIGIN (m_interrupts)
                0x00000000                __RAM_VECTOR_TABLE_SIZE_BYTES = DEFINED (__ram_vector_table__)?(__interrupts_ram_end__ - __interrupts_ram_start__):0x0

.data           0x1ffff000       0x98 load address 0x00005c18
                0x1ffff000                . = ALIGN (0x4)
                0x1ffff000                __DATA_RAM = .
                0x1ffff000                __data_start__ = .
 *(.data)
 *(.data*)
 .data.to_send  0x1ffff000        0x4 ./sources/freertos_main.o
                0x1ffff000                to_send
 .data.send_ring_overrun
                0x1ffff004        0x4 ./sources/freertos_main.o
                0x1ffff004                send_ring_overrun
 .data.send_hardware_overrun
                0x1ffff008        0x4 ./sources/freertos_main.o
                0x1ffff008                send_hardware_overrun
 .data.uart_config
                0x1ffff00c       0x18 ./sources/freertos_main.o
                0x1ffff00c                uart_config
 .data.uxCriticalNesting
                0x1ffff024        0x4 ./freertos/Source/portable/GCC/ARM_CM0/port.o
 .data.s_slowIrcFreq
                0x1ffff028        0x4 ./drivers/fsl_clock.o
 .data.s_fastIrcFreq
                0x1ffff02c        0x4 ./drivers/fsl_clock.o
 .data.SystemCoreClock
                0x1ffff030        0x4 ./devices/system_MKL25Z4.o
                0x1ffff030                SystemCoreClock
 .data.impure_data
                0x1ffff034       0x60 c:/freescale/kds_v3/toolchain/bin/../lib/gcc/arm-none-eabi/4.8.4/../../../../arm-none-eabi/lib/armv6-m\libg_s.a(lib_a-impure.o)
 *(.jcr*)
 .jcr           0x1ffff094        0x0 c:/freescale/kds_v3/toolchain/bin/../lib/gcc/arm-none-eabi/4.8.4/armv6-m/crtbegin.o
 .jcr           0x1ffff094        0x4 c:/freescale/kds_v3/toolchain/bin/../lib/gcc/arm-none-eabi/4.8.4/armv6-m/crtend.o
                0x1ffff098                . = ALIGN (0x4)
                0x1ffff098                __data_end__ = .
                0x00005cb0                __DATA_END = (__DATA_ROM + (__data_end__ - __data_start__))
                0x00020000                text_end = (ORIGIN (m_text) + 0x1fbf0)
                0x00000001                ASSERT ((__DATA_END <= text_end), region m_text overflowed with text and data)

.igot.plt       0x1ffff098        0x0 load address 0x00005cb0
 .igot.plt      0x00000000        0x0 c:/freescale/kds_v3/toolchain/bin/../lib/gcc/arm-none-eabi/4.8.4/armv6-m/crtbegin.o

.bss            0x1ffff098     0x2a60 load address 0x00005cb0
                0x1ffff098                . = ALIGN (0x4)
                0x1ffff098                __START_BSS = .
                0x1ffff098                __bss_start__ = .
 *(.bss)
 .bss           0x1ffff098       0x1c c:/freescale/kds_v3/toolchain/bin/../lib/gcc/arm-none-eabi/4.8.4/armv6-m/crtbegin.o
 *(.bss*)
 .bss.s_debugConsole
                0x1ffff0b4       0x10 ./utilities/fsl_debug_console.o
 .bss.background_buffer
                0x1ffff0c4       0x20 ./sources/freertos_main.o
                0x1ffff0c4                background_buffer
 .bss.recv_buffer
                0x1ffff0e4        0x4 ./sources/freertos_main.o
                0x1ffff0e4                recv_buffer
 .bss.handle    0x1ffff0e8       0x28 ./sources/freertos_main.o
                0x1ffff0e8                handle
 .bss.t_handle  0x1ffff110       0x30 ./sources/freertos_main.o
                0x1ffff110                t_handle
 .bss.ucHeap    0x1ffff140     0x2800 ./freertos/Source/portable/MemMang/heap_4.o
 .bss.xStart    0x20001940        0x8 ./freertos/Source/portable/MemMang/heap_4.o
 .bss.pxEnd     0x20001948        0x4 ./freertos/Source/portable/MemMang/heap_4.o
 .bss.xFreeBytesRemaining
                0x2000194c        0x4 ./freertos/Source/portable/MemMang/heap_4.o
 .bss.xMinimumEverFreeBytesRemaining
                0x20001950        0x4 ./freertos/Source/portable/MemMang/heap_4.o
 .bss.xBlockAllocatedBit
                0x20001954        0x4 ./freertos/Source/portable/MemMang/heap_4.o
 .bss.xQueueRegistry
                0x20001958       0x40 ./freertos/Source/queue.o
                0x20001958                xQueueRegistry
 .bss.pxCurrentTCB
                0x20001998        0x4 ./freertos/Source/tasks.o
                0x20001998                pxCurrentTCB
 .bss.pxReadyTasksLists
                0x2000199c       0x64 ./freertos/Source/tasks.o
 .bss.xDelayedTaskList1
                0x20001a00       0x14 ./freertos/Source/tasks.o
 .bss.xDelayedTaskList2
                0x20001a14       0x14 ./freertos/Source/tasks.o
 .bss.pxDelayedTaskList
                0x20001a28        0x4 ./freertos/Source/tasks.o
 .bss.pxOverflowDelayedTaskList
                0x20001a2c        0x4 ./freertos/Source/tasks.o
 .bss.xPendingReadyList
                0x20001a30       0x14 ./freertos/Source/tasks.o
 .bss.xTasksWaitingTermination
                0x20001a44       0x14 ./freertos/Source/tasks.o
 .bss.uxDeletedTasksWaitingCleanUp
                0x20001a58        0x4 ./freertos/Source/tasks.o
 .bss.xSuspendedTaskList
                0x20001a5c       0x14 ./freertos/Source/tasks.o
 .bss.uxCurrentNumberOfTasks
                0x20001a70        0x4 ./freertos/Source/tasks.o
 .bss.xTickCount
                0x20001a74        0x4 ./freertos/Source/tasks.o
 .bss.uxTopReadyPriority
                0x20001a78        0x4 ./freertos/Source/tasks.o
 .bss.xSchedulerRunning
                0x20001a7c        0x4 ./freertos/Source/tasks.o
 .bss.uxPendedTicks
                0x20001a80        0x4 ./freertos/Source/tasks.o
 .bss.xYieldPending
                0x20001a84        0x4 ./freertos/Source/tasks.o
 .bss.xNumOfOverflows
                0x20001a88        0x4 ./freertos/Source/tasks.o
 .bss.uxTaskNumber
                0x20001a8c        0x4 ./freertos/Source/tasks.o
 .bss.xNextTaskUnblockTime
                0x20001a90        0x4 ./freertos/Source/tasks.o
 .bss.xIdleTaskHandle
                0x20001a94        0x4 ./freertos/Source/tasks.o
 .bss.uxSchedulerSuspended
                0x20001a98        0x4 ./freertos/Source/tasks.o
 .bss.xActiveTimerList1
                0x20001a9c       0x14 ./freertos/Source/timers.o
 .bss.xActiveTimerList2
                0x20001ab0       0x14 ./freertos/Source/timers.o
 .bss.pxCurrentTimerList
                0x20001ac4        0x4 ./freertos/Source/timers.o
 .bss.pxOverflowTimerList
                0x20001ac8        0x4 ./freertos/Source/timers.o
 .bss.xTimerQueue
                0x20001acc        0x4 ./freertos/Source/timers.o
 .bss.xTimerTaskHandle
                0x20001ad0        0x4 ./freertos/Source/timers.o
 .bss.xLastTime.4845
                0x20001ad4        0x4 ./freertos/Source/timers.o
 .bss.g_xtal0Freq
                0x20001ad8        0x4 ./drivers/fsl_clock.o
                0x20001ad8                g_xtal0Freq
 .bss.g_xtal32Freq
                0x20001adc        0x4 ./drivers/fsl_clock.o
                0x20001adc                g_xtal32Freq
 .bss.s_lpsciHandle
                0x20001ae0        0x4 ./drivers/fsl_lpsci.o
 .bss.s_lpsciIsr
                0x20001ae4        0x4 ./drivers/fsl_lpsci.o
 .bss.s_uartHandle
                0x20001ae8        0xc ./drivers/fsl_uart.o
 .bss.s_uartIsr
                0x20001af4        0x4 ./drivers/fsl_uart.o
 *(COMMON)
                0x20001af8                . = ALIGN (0x4)
                0x20001af8                __bss_end__ = .
                0x20001af8                __END_BSS = .

.heap           0x20001af8      0x400 load address 0x00008710
                0x20001af8                . = ALIGN (0x8)
                0x20001af8                __end__ = .
                0x20001af8                PROVIDE (end, .)
                0x20001af8                __HeapBase = .
                0x20001ef8                . = (. + HEAP_SIZE)
 *fill*         0x20001af8      0x400 
                0x20001ef8                __HeapLimit = .
                0x20001ef8                __heap_limit = .

.stack          0x20001ef8      0x400 load address 0x00008b10
                0x20001ef8                . = ALIGN (0x8)
                0x200022f8                . = (. + STACK_SIZE)
 *fill*         0x20001ef8      0x400 
                0x20003000                __StackTop = (ORIGIN (m_data) + 0x4000)
                0x20002c00                __StackLimit = (__StackTop - STACK_SIZE)
                0x20003000                PROVIDE (__stack, __StackTop)

.ARM.attributes
                0x00000000       0x28
 *(.ARM.attributes)
 .ARM.attributes
                0x00000000       0x1e c:/freescale/kds_v3/toolchain/bin/../lib/gcc/arm-none-eabi/4.8.4/armv6-m/crti.o
 .ARM.attributes
                0x0000001e       0x2c c:/freescale/kds_v3/toolchain/bin/../lib/gcc/arm-none-eabi/4.8.4/armv6-m/crtbegin.o
 .ARM.attributes
                0x0000004a       0x1b c:/freescale/kds_v3/toolchain/bin/../lib/gcc/arm-none-eabi/4.8.4/../../../../arm-none-eabi/lib/armv6-m/crt0.o
 .ARM.attributes
                0x00000065       0x32 ./utilities/fsl_debug_console.o
 .ARM.attributes
                0x00000097       0x32 ./sources/clock_config.o
 .ARM.attributes
                0x000000c9       0x32 ./sources/freertos_main.o
 .ARM.attributes
                0x000000fb       0x32 ./sources/pin_mux.o
 .ARM.attributes
                0x0000012d       0x32 ./freertos/Source/portable/MemMang/heap_4.o
 .ARM.attributes
                0x0000015f       0x32 ./freertos/Source/portable/GCC/ARM_CM0/fsl_tickless_systick.o
 .ARM.attributes
                0x00000191       0x32 ./freertos/Source/portable/GCC/ARM_CM0/port.o
 .ARM.attributes
                0x000001c3       0x32 ./freertos/Source/event_groups.o
 .ARM.attributes
                0x000001f5       0x32 ./freertos/Source/list.o
 .ARM.attributes
                0x00000227       0x32 ./freertos/Source/queue.o
 .ARM.attributes
                0x00000259       0x32 ./freertos/Source/tasks.o
 .ARM.attributes
                0x0000028b       0x32 ./freertos/Source/timers.o
 .ARM.attributes
                0x000002bd       0x32 ./drivers/fsl_clock.o
 .ARM.attributes
                0x000002ef       0x32 ./drivers/fsl_common.o
 .ARM.attributes
                0x00000321       0x32 ./drivers/fsl_lpsci.o
 .ARM.attributes
                0x00000353       0x32 ./drivers/fsl_uart.o
 .ARM.attributes
                0x00000385       0x32 ./drivers/fsl_uart_freertos.o
 .ARM.attributes
                0x000003b7       0x1b ./devices/gcc/startup_MKL25Z4.o
 .ARM.attributes
                0x000003d2       0x32 ./devices/system_MKL25Z4.o
 .ARM.attributes
                0x00000404       0x2c c:/freescale/kds_v3/toolchain/bin/../lib/gcc/arm-none-eabi/4.8.4/../../../../arm-none-eabi/lib/armv6-m\libg_s.a(lib_a-exit.o)
 .ARM.attributes
                0x00000430       0x2c c:/freescale/kds_v3/toolchain/bin/../lib/gcc/arm-none-eabi/4.8.4/../../../../arm-none-eabi/lib/armv6-m\libg_s.a(lib_a-impure.o)
 .ARM.attributes
                0x0000045c       0x2c c:/freescale/kds_v3/toolchain/bin/../lib/gcc/arm-none-eabi/4.8.4/../../../../arm-none-eabi/lib/armv6-m\libg_s.a(lib_a-init.o)
 .ARM.attributes
                0x00000488       0x2c c:/freescale/kds_v3/toolchain/bin/../lib/gcc/arm-none-eabi/4.8.4/../../../../arm-none-eabi/lib/armv6-m\libg_s.a(lib_a-memcpy-stub.o)
 .ARM.attributes
                0x000004b4       0x2c c:/freescale/kds_v3/toolchain/bin/../lib/gcc/arm-none-eabi/4.8.4/../../../../arm-none-eabi/lib/armv6-m\libg_s.a(lib_a-memset.o)
 .ARM.attributes
                0x000004e0       0x2c c:/freescale/kds_v3/toolchain/bin/../lib/gcc/arm-none-eabi/4.8.4/../../../../arm-none-eabi/lib/armv6-m\libg_s.a(lib_a-strlen.o)
 .ARM.attributes
                0x0000050c       0x1e c:/freescale/kds_v3/toolchain/bin/../lib/gcc/arm-none-eabi/4.8.4/armv6-m\libgcc.a(_udivsi3.o)
 .ARM.attributes
                0x0000052a       0x1e c:/freescale/kds_v3/toolchain/bin/../lib/gcc/arm-none-eabi/4.8.4/armv6-m\libgcc.a(_divsi3.o)
 .ARM.attributes
                0x00000548       0x1e c:/freescale/kds_v3/toolchain/bin/../lib/gcc/arm-none-eabi/4.8.4/armv6-m\libgcc.a(_dvmd_tls.o)
 .ARM.attributes
                0x00000566       0x2c c:/freescale/kds_v3/toolchain/bin/../lib/gcc/arm-none-eabi/4.8.4/../../../../arm-none-eabi/lib/armv6-m\libnosys.a(_exit.o)
 .ARM.attributes
                0x00000592       0x2c c:/freescale/kds_v3/toolchain/bin/../lib/gcc/arm-none-eabi/4.8.4/armv6-m/crtend.o
 .ARM.attributes
                0x000005be       0x1e c:/freescale/kds_v3/toolchain/bin/../lib/gcc/arm-none-eabi/4.8.4/armv6-m/crtn.o
                0x00000001                ASSERT ((__StackLimit >= __HeapLimit), region m_data overflowed with stack and heap)
OUTPUT(FRDM-KL25Z_ESP8266.elf elf32-littlearm)

.debug_info     0x00000000     0xb975
 .debug_info    0x00000000      0xe18 ./utilities/fsl_debug_console.o
 .debug_info    0x00000e18      0x9e2 ./sources/clock_config.o
 .debug_info    0x000017fa      0x85d ./sources/freertos_main.o
 .debug_info    0x00002057      0x537 ./sources/pin_mux.o
 .debug_info    0x0000258e      0x2d9 ./freertos/Source/portable/MemMang/heap_4.o
 .debug_info    0x00002867       0xac ./freertos/Source/portable/GCC/ARM_CM0/fsl_tickless_systick.o
 .debug_info    0x00002913      0x21e ./freertos/Source/portable/GCC/ARM_CM0/port.o
 .debug_info    0x00002b31      0x6f8 ./freertos/Source/event_groups.o
 .debug_info    0x00003229      0x292 ./freertos/Source/list.o
 .debug_info    0x000034bb      0xdf7 ./freertos/Source/queue.o
 .debug_info    0x000042b2     0x175c ./freertos/Source/tasks.o
 .debug_info    0x00005a0e      0xab9 ./freertos/Source/timers.o
 .debug_info    0x000064c7     0x19b0 ./drivers/fsl_clock.o
 .debug_info    0x00007e77      0x430 ./drivers/fsl_common.o
 .debug_info    0x000082a7     0x1598 ./drivers/fsl_lpsci.o
 .debug_info    0x0000983f     0x151e ./drivers/fsl_uart.o
 .debug_info    0x0000ad5d      0x7ce ./drivers/fsl_uart_freertos.o
 .debug_info    0x0000b52b       0x85 ./devices/gcc/startup_MKL25Z4.o
 .debug_info    0x0000b5b0      0x3c5 ./devices/system_MKL25Z4.o

.debug_abbrev   0x00000000     0x1e3f
 .debug_abbrev  0x00000000      0x251 ./utilities/fsl_debug_console.o
 .debug_abbrev  0x00000251      0x1d4 ./sources/clock_config.o
 .debug_abbrev  0x00000425      0x173 ./sources/freertos_main.o
 .debug_abbrev  0x00000598      0x152 ./sources/pin_mux.o
 .debug_abbrev  0x000006ea      0x158 ./freertos/Source/portable/MemMang/heap_4.o
 .debug_abbrev  0x00000842       0x60 ./freertos/Source/portable/GCC/ARM_CM0/fsl_tickless_systick.o
 .debug_abbrev  0x000008a2      0x15d ./freertos/Source/portable/GCC/ARM_CM0/port.o
 .debug_abbrev  0x000009ff      0x137 ./freertos/Source/event_groups.o
 .debug_abbrev  0x00000b36       0xbe ./freertos/Source/list.o
 .debug_abbrev  0x00000bf4      0x1a3 ./freertos/Source/queue.o
 .debug_abbrev  0x00000d97      0x253 ./freertos/Source/tasks.o
 .debug_abbrev  0x00000fea      0x1a9 ./freertos/Source/timers.o
 .debug_abbrev  0x00001193      0x2de ./drivers/fsl_clock.o
 .debug_abbrev  0x00001471      0x21f ./drivers/fsl_common.o
 .debug_abbrev  0x00001690      0x281 ./drivers/fsl_lpsci.o
 .debug_abbrev  0x00001911      0x299 ./drivers/fsl_uart.o
 .debug_abbrev  0x00001baa      0x17b ./drivers/fsl_uart_freertos.o
 .debug_abbrev  0x00001d25       0x14 ./devices/gcc/startup_MKL25Z4.o
 .debug_abbrev  0x00001d39      0x106 ./devices/system_MKL25Z4.o

.debug_aranges  0x00000000      0xbb0
 .debug_aranges
                0x00000000       0xa0 ./utilities/fsl_debug_console.o
 .debug_aranges
                0x000000a0       0x50 ./sources/clock_config.o
 .debug_aranges
                0x000000f0       0x28 ./sources/freertos_main.o
 .debug_aranges
                0x00000118       0x30 ./sources/pin_mux.o
 .debug_aranges
                0x00000148       0x50 ./freertos/Source/portable/MemMang/heap_4.o
 .debug_aranges
                0x00000198       0x20 ./freertos/Source/portable/GCC/ARM_CM0/fsl_tickless_systick.o
 .debug_aranges
                0x000001b8       0x80 ./freertos/Source/portable/GCC/ARM_CM0/port.o
 .debug_aranges
                0x00000238       0x80 ./freertos/Source/event_groups.o
 .debug_aranges
                0x000002b8       0x40 ./freertos/Source/list.o
 .debug_aranges
                0x000002f8      0x118 ./freertos/Source/queue.o
 .debug_aranges
                0x00000410      0x1e8 ./freertos/Source/tasks.o
 .debug_aranges
                0x000005f8       0xc8 ./freertos/Source/timers.o
 .debug_aranges
                0x000006c0      0x1d8 ./drivers/fsl_clock.o
 .debug_aranges
                0x00000898       0x38 ./drivers/fsl_common.o
 .debug_aranges
                0x000008d0      0x118 ./drivers/fsl_lpsci.o
 .debug_aranges
                0x000009e8      0x130 ./drivers/fsl_uart.o
 .debug_aranges
                0x00000b18       0x50 ./drivers/fsl_uart_freertos.o
 .debug_aranges
                0x00000b68       0x20 ./devices/gcc/startup_MKL25Z4.o
 .debug_aranges
                0x00000b88       0x28 ./devices/system_MKL25Z4.o

.debug_ranges   0x00000000      0xa70
 .debug_ranges  0x00000000       0x90 ./utilities/fsl_debug_console.o
 .debug_ranges  0x00000090       0x40 ./sources/clock_config.o
 .debug_ranges  0x000000d0       0x18 ./sources/freertos_main.o
 .debug_ranges  0x000000e8       0x20 ./sources/pin_mux.o
 .debug_ranges  0x00000108       0x40 ./freertos/Source/portable/MemMang/heap_4.o
 .debug_ranges  0x00000148       0x10 ./freertos/Source/portable/GCC/ARM_CM0/fsl_tickless_systick.o
 .debug_ranges  0x00000158       0x70 ./freertos/Source/portable/GCC/ARM_CM0/port.o
 .debug_ranges  0x000001c8       0x70 ./freertos/Source/event_groups.o
 .debug_ranges  0x00000238       0x30 ./freertos/Source/list.o
 .debug_ranges  0x00000268      0x108 ./freertos/Source/queue.o
 .debug_ranges  0x00000370      0x1d8 ./freertos/Source/tasks.o
 .debug_ranges  0x00000548       0xb8 ./freertos/Source/timers.o
 .debug_ranges  0x00000600      0x1c8 ./drivers/fsl_clock.o
 .debug_ranges  0x000007c8       0x28 ./drivers/fsl_common.o
 .debug_ranges  0x000007f0      0x108 ./drivers/fsl_lpsci.o
 .debug_ranges  0x000008f8      0x120 ./drivers/fsl_uart.o
 .debug_ranges  0x00000a18       0x40 ./drivers/fsl_uart_freertos.o
 .debug_ranges  0x00000a58       0x18 ./devices/system_MKL25Z4.o

.debug_line     0x00000000     0x4489
 .debug_line    0x00000000      0x569 ./utilities/fsl_debug_console.o
 .debug_line    0x00000569      0x178 ./sources/clock_config.o
 .debug_line    0x000006e1      0x18e ./sources/freertos_main.o
 .debug_line    0x0000086f      0x108 ./sources/pin_mux.o
 .debug_line    0x00000977      0x1cd ./freertos/Source/portable/MemMang/heap_4.o
 .debug_line    0x00000b44       0xd4 ./freertos/Source/portable/GCC/ARM_CM0/fsl_tickless_systick.o
 .debug_line    0x00000c18      0x1f7 ./freertos/Source/portable/GCC/ARM_CM0/port.o
 .debug_line    0x00000e0f      0x31a ./freertos/Source/event_groups.o
 .debug_line    0x00001129      0x16e ./freertos/Source/list.o
 .debug_line    0x00001297      0x705 ./freertos/Source/queue.o
 .debug_line    0x0000199c      0xbf0 ./freertos/Source/tasks.o
 .debug_line    0x0000258c      0x3f3 ./freertos/Source/timers.o
 .debug_line    0x0000297f      0x85d ./drivers/fsl_clock.o
 .debug_line    0x000031dc      0x1c3 ./drivers/fsl_common.o
 .debug_line    0x0000339f      0x644 ./drivers/fsl_lpsci.o
 .debug_line    0x000039e3      0x654 ./drivers/fsl_uart.o
 .debug_line    0x00004037      0x279 ./drivers/fsl_uart_freertos.o
 .debug_line    0x000042b0       0xd9 ./devices/gcc/startup_MKL25Z4.o
 .debug_line    0x00004389      0x100 ./devices/system_MKL25Z4.o

.debug_str      0x00000000     0x572b
 .debug_str     0x00000000      0xcbd ./utilities/fsl_debug_console.o
                                0xd6d (size before relaxing)
 .debug_str     0x00000cbd      0x711 ./sources/clock_config.o
                                0xdc1 (size before relaxing)
 .debug_str     0x000013ce      0x588 ./sources/freertos_main.o
                                0xd85 (size before relaxing)
 .debug_str     0x00001956      0x2e8 ./sources/pin_mux.o
                                0x5bc (size before relaxing)
 .debug_str     0x00001c3e      0x1eb ./freertos/Source/portable/MemMang/heap_4.o
                                0x3c4 (size before relaxing)
 .debug_str     0x00001e29       0x61 ./freertos/Source/portable/GCC/ARM_CM0/fsl_tickless_systick.o
                                0x244 (size before relaxing)
 .debug_str     0x00001e8a      0x183 ./freertos/Source/portable/GCC/ARM_CM0/port.o
                                0x36e (size before relaxing)
 .debug_str     0x0000200d      0x388 ./freertos/Source/event_groups.o
                                0x5ce (size before relaxing)
 .debug_str     0x00002395       0x9c ./freertos/Source/list.o
                                0x32c (size before relaxing)
 .debug_str     0x00002431      0x524 ./freertos/Source/queue.o
                                0x849 (size before relaxing)
 .debug_str     0x00002955      0xbe3 ./freertos/Source/tasks.o
                                0xfc7 (size before relaxing)
 .debug_str     0x00003538      0x4e4 ./freertos/Source/timers.o
                                0x809 (size before relaxing)
 .debug_str     0x00003a1c      0x9bf ./drivers/fsl_clock.o
                               0x17e6 (size before relaxing)
 .debug_str     0x000043db      0x30c ./drivers/fsl_common.o
                                0x509 (size before relaxing)
 .debug_str     0x000046e7      0x919 ./drivers/fsl_lpsci.o
                               0x15ae (size before relaxing)
 .debug_str     0x00005000      0x644 ./drivers/fsl_uart.o
                               0x15ba (size before relaxing)
 .debug_str     0x00005644       0x96 ./drivers/fsl_uart_freertos.o
                                0x960 (size before relaxing)
 .debug_str     0x000056da       0x51 ./devices/system_MKL25Z4.o
                                0x32b (size before relaxing)

.comment        0x00000000       0x70
 .comment       0x00000000       0x70 ./utilities/fsl_debug_console.o
                                 0x71 (size before relaxing)
 .comment       0x00000000       0x71 ./sources/clock_config.o
 .comment       0x00000000       0x71 ./sources/freertos_main.o
 .comment       0x00000000       0x71 ./sources/pin_mux.o
 .comment       0x00000000       0x71 ./freertos/Source/portable/MemMang/heap_4.o
 .comment       0x00000000       0x71 ./freertos/Source/portable/GCC/ARM_CM0/fsl_tickless_systick.o
 .comment       0x00000000       0x71 ./freertos/Source/portable/GCC/ARM_CM0/port.o
 .comment       0x00000000       0x71 ./freertos/Source/event_groups.o
 .comment       0x00000000       0x71 ./freertos/Source/list.o
 .comment       0x00000000       0x71 ./freertos/Source/queue.o
 .comment       0x00000000       0x71 ./freertos/Source/tasks.o
 .comment       0x00000000       0x71 ./freertos/Source/timers.o
 .comment       0x00000000       0x71 ./drivers/fsl_clock.o
 .comment       0x00000000       0x71 ./drivers/fsl_common.o
 .comment       0x00000000       0x71 ./drivers/fsl_lpsci.o
 .comment       0x00000000       0x71 ./drivers/fsl_uart.o
 .comment       0x00000000       0x71 ./drivers/fsl_uart_freertos.o
 .comment       0x00000000       0x71 ./devices/system_MKL25Z4.o

.debug_frame    0x00000000     0x28d4
 .debug_frame   0x00000000      0x22c ./utilities/fsl_debug_console.o
 .debug_frame   0x0000022c       0xe4 ./sources/clock_config.o
 .debug_frame   0x00000310       0x50 ./sources/freertos_main.o
 .debug_frame   0x00000360       0x6c ./sources/pin_mux.o
 .debug_frame   0x000003cc       0xe4 ./freertos/Source/portable/MemMang/heap_4.o
 .debug_frame   0x000004b0       0x30 ./freertos/Source/portable/GCC/ARM_CM0/fsl_tickless_systick.o
 .debug_frame   0x000004e0      0x154 ./freertos/Source/portable/GCC/ARM_CM0/port.o
 .debug_frame   0x00000634      0x1b0 ./freertos/Source/event_groups.o
 .debug_frame   0x000007e4       0xb0 ./freertos/Source/list.o
 .debug_frame   0x00000894      0x410 ./freertos/Source/queue.o
 .debug_frame   0x00000ca4      0x73c ./freertos/Source/tasks.o
 .debug_frame   0x000013e0      0x2c8 ./freertos/Source/timers.o
 .debug_frame   0x000016a8      0x6d8 ./drivers/fsl_clock.o
 .debug_frame   0x00001d80       0x90 ./drivers/fsl_common.o
 .debug_frame   0x00001e10      0x40c ./drivers/fsl_lpsci.o
 .debug_frame   0x0000221c      0x460 ./drivers/fsl_uart.o
 .debug_frame   0x0000267c       0xf0 ./drivers/fsl_uart_freertos.o
 .debug_frame   0x0000276c       0x4c ./devices/system_MKL25Z4.o
 .debug_frame   0x000027b8       0x28 c:/freescale/kds_v3/toolchain/bin/../lib/gcc/arm-none-eabi/4.8.4/../../../../arm-none-eabi/lib/armv6-m\libg_s.a(lib_a-exit.o)
 .debug_frame   0x000027e0       0x2c c:/freescale/kds_v3/toolchain/bin/../lib/gcc/arm-none-eabi/4.8.4/../../../../arm-none-eabi/lib/armv6-m\libg_s.a(lib_a-init.o)
 .debug_frame   0x0000280c       0x28 c:/freescale/kds_v3/toolchain/bin/../lib/gcc/arm-none-eabi/4.8.4/../../../../arm-none-eabi/lib/armv6-m\libg_s.a(lib_a-memcpy-stub.o)
 .debug_frame   0x00002834       0x20 c:/freescale/kds_v3/toolchain/bin/../lib/gcc/arm-none-eabi/4.8.4/../../../../arm-none-eabi/lib/armv6-m\libg_s.a(lib_a-memset.o)
 .debug_frame   0x00002854       0x20 c:/freescale/kds_v3/toolchain/bin/../lib/gcc/arm-none-eabi/4.8.4/../../../../arm-none-eabi/lib/armv6-m\libg_s.a(lib_a-strlen.o)
 .debug_frame   0x00002874       0x20 c:/freescale/kds_v3/toolchain/bin/../lib/gcc/arm-none-eabi/4.8.4/armv6-m\libgcc.a(_udivsi3.o)
 .debug_frame   0x00002894       0x20 c:/freescale/kds_v3/toolchain/bin/../lib/gcc/arm-none-eabi/4.8.4/armv6-m\libgcc.a(_divsi3.o)
 .debug_frame   0x000028b4       0x20 c:/freescale/kds_v3/toolchain/bin/../lib/gcc/arm-none-eabi/4.8.4/../../../../arm-none-eabi/lib/armv6-m\libnosys.a(_exit.o)
