Archive member included because of file (symbol)

c:/freescale/kds_v3/toolchain/bin/../lib/gcc/arm-none-eabi/4.8.4/../../../../arm-none-eabi/lib/armv6-m\libg_s.a(lib_a-atoi.o)
                              ./drivers/esp8266/esp8266.o (atoi)
c:/freescale/kds_v3/toolchain/bin/../lib/gcc/arm-none-eabi/4.8.4/../../../../arm-none-eabi/lib/armv6-m\libg_s.a(lib_a-errno.o)
                              ./utilities/fsl_sbrk.o (__errno)
c:/freescale/kds_v3/toolchain/bin/../lib/gcc/arm-none-eabi/4.8.4/../../../../arm-none-eabi/lib/armv6-m\libg_s.a(lib_a-exit.o)
                              c:/freescale/kds_v3/toolchain/bin/../lib/gcc/arm-none-eabi/4.8.4/../../../../arm-none-eabi/lib/armv6-m/crt0.o (exit)
c:/freescale/kds_v3/toolchain/bin/../lib/gcc/arm-none-eabi/4.8.4/../../../../arm-none-eabi/lib/armv6-m\libg_s.a(lib_a-impure.o)
                              c:/freescale/kds_v3/toolchain/bin/../lib/gcc/arm-none-eabi/4.8.4/../../../../arm-none-eabi/lib/armv6-m\libg_s.a(lib_a-exit.o) (_global_impure_ptr)
c:/freescale/kds_v3/toolchain/bin/../lib/gcc/arm-none-eabi/4.8.4/../../../../arm-none-eabi/lib/armv6-m\libg_s.a(lib_a-init.o)
                              c:/freescale/kds_v3/toolchain/bin/../lib/gcc/arm-none-eabi/4.8.4/../../../../arm-none-eabi/lib/armv6-m/crt0.o (__libc_init_array)
c:/freescale/kds_v3/toolchain/bin/../lib/gcc/arm-none-eabi/4.8.4/../../../../arm-none-eabi/lib/armv6-m\libg_s.a(lib_a-isalnum.o)
                              ./drivers/esp8266/esp8266.o (isalnum)
c:/freescale/kds_v3/toolchain/bin/../lib/gcc/arm-none-eabi/4.8.4/../../../../arm-none-eabi/lib/armv6-m\libg_s.a(lib_a-isdigit.o)
                              ./drivers/esp8266/esp8266.o (isdigit)
c:/freescale/kds_v3/toolchain/bin/../lib/gcc/arm-none-eabi/4.8.4/../../../../arm-none-eabi/lib/armv6-m\libg_s.a(lib_a-malloc.o)
                              ./drivers/esp8266/esp8266.o (malloc)
c:/freescale/kds_v3/toolchain/bin/../lib/gcc/arm-none-eabi/4.8.4/../../../../arm-none-eabi/lib/armv6-m\libg_s.a(lib_a-memcpy-stub.o)
                              ./freertos/Source/queue.o (memcpy)
c:/freescale/kds_v3/toolchain/bin/../lib/gcc/arm-none-eabi/4.8.4/../../../../arm-none-eabi/lib/armv6-m\libg_s.a(lib_a-memset.o)
                              c:/freescale/kds_v3/toolchain/bin/../lib/gcc/arm-none-eabi/4.8.4/../../../../arm-none-eabi/lib/armv6-m/crt0.o (memset)
c:/freescale/kds_v3/toolchain/bin/../lib/gcc/arm-none-eabi/4.8.4/../../../../arm-none-eabi/lib/armv6-m\libg_s.a(lib_a-nano-freer.o)
                              c:/freescale/kds_v3/toolchain/bin/../lib/gcc/arm-none-eabi/4.8.4/../../../../arm-none-eabi/lib/armv6-m\libg_s.a(lib_a-malloc.o) (_free_r)
c:/freescale/kds_v3/toolchain/bin/../lib/gcc/arm-none-eabi/4.8.4/../../../../arm-none-eabi/lib/armv6-m\libg_s.a(lib_a-nano-mallocr.o)
                              c:/freescale/kds_v3/toolchain/bin/../lib/gcc/arm-none-eabi/4.8.4/../../../../arm-none-eabi/lib/armv6-m\libg_s.a(lib_a-malloc.o) (_malloc_r)
c:/freescale/kds_v3/toolchain/bin/../lib/gcc/arm-none-eabi/4.8.4/../../../../arm-none-eabi/lib/armv6-m\libg_s.a(lib_a-sbrkr.o)
                              c:/freescale/kds_v3/toolchain/bin/../lib/gcc/arm-none-eabi/4.8.4/../../../../arm-none-eabi/lib/armv6-m\libg_s.a(lib_a-nano-mallocr.o) (_sbrk_r)
c:/freescale/kds_v3/toolchain/bin/../lib/gcc/arm-none-eabi/4.8.4/../../../../arm-none-eabi/lib/armv6-m\libg_s.a(lib_a-sprintf.o)
                              ./drivers/esp8266/esp8266.o (sprintf)
c:/freescale/kds_v3/toolchain/bin/../lib/gcc/arm-none-eabi/4.8.4/../../../../arm-none-eabi/lib/armv6-m\libg_s.a(lib_a-strchr.o)
                              ./drivers/esp8266/esp8266.o (strchr)
c:/freescale/kds_v3/toolchain/bin/../lib/gcc/arm-none-eabi/4.8.4/../../../../arm-none-eabi/lib/armv6-m\libg_s.a(lib_a-strcpy.o)
                              ./drivers/esp8266/esp8266.o (strcpy)
c:/freescale/kds_v3/toolchain/bin/../lib/gcc/arm-none-eabi/4.8.4/../../../../arm-none-eabi/lib/armv6-m\libg_s.a(lib_a-strlen.o)
                              ./utilities/fsl_debug_console.o (strlen)
c:/freescale/kds_v3/toolchain/bin/../lib/gcc/arm-none-eabi/4.8.4/../../../../arm-none-eabi/lib/armv6-m\libg_s.a(lib_a-strncpy.o)
                              ./drivers/esp8266/esp8266.o (strncpy)
c:/freescale/kds_v3/toolchain/bin/../lib/gcc/arm-none-eabi/4.8.4/../../../../arm-none-eabi/lib/armv6-m\libg_s.a(lib_a-strspn.o)
                              ./drivers/esp8266/esp8266.o (strspn)
c:/freescale/kds_v3/toolchain/bin/../lib/gcc/arm-none-eabi/4.8.4/../../../../arm-none-eabi/lib/armv6-m\libg_s.a(lib_a-strstr.o)
                              ./drivers/esp8266/esp8266.o (strstr)
c:/freescale/kds_v3/toolchain/bin/../lib/gcc/arm-none-eabi/4.8.4/../../../../arm-none-eabi/lib/armv6-m\libg_s.a(lib_a-strtol.o)
                              c:/freescale/kds_v3/toolchain/bin/../lib/gcc/arm-none-eabi/4.8.4/../../../../arm-none-eabi/lib/armv6-m\libg_s.a(lib_a-atoi.o) (_strtol_r)
[...]
Memory Configuration

Name             Origin             Length             Attributes
m_interrupts     0x00000000         0x00000200         xr
m_flash_config   0x00000400         0x00000010         xr
m_text           0x00000410         0x0001fbf0         xr
m_data           0x1ffff000         0x00004000         rw
*default*        0x00000000         0xffffffff

Linker script and memory map

LOAD c:/freescale/kds_v3/toolchain/bin/../lib/gcc/arm-none-eabi/4.8.4/armv6-m/crti.o
LOAD c:/freescale/kds_v3/toolchain/bin/../lib/gcc/arm-none-eabi/4.8.4/armv6-m/crtbegin.o
LOAD c:/freescale/kds_v3/toolchain/bin/../lib/gcc/arm-none-eabi/4.8.4/../../../../arm-none-eabi/lib/armv6-m/crt0.o
START GROUP
LOAD ./utilities/fsl_debug_console.o
LOAD ./utilities/fsl_sbrk.o
LOAD ./sources/board.o
LOAD ./sources/clock_config.o
LOAD ./sources/freertos_hello.o
LOAD ./sources/pin_mux.o
LOAD ./freertos/Source/portable/MemMang/heap_4.o
LOAD ./freertos/Source/portable/GCC/ARM_CM0/fsl_tickless_systick.o
LOAD ./freertos/Source/portable/GCC/ARM_CM0/port.o
LOAD ./freertos/Source/croutine.o
LOAD ./freertos/Source/event_groups.o
LOAD ./freertos/Source/list.o
LOAD ./freertos/Source/queue.o
LOAD ./freertos/Source/tasks.o
LOAD ./freertos/Source/timers.o
LOAD ./drivers/esp8266/esp8266.o
LOAD ./drivers/fsl_clock.o
LOAD ./drivers/fsl_common.o
LOAD ./drivers/fsl_flash.o
LOAD ./drivers/fsl_gpio.o
LOAD ./drivers/fsl_lpsci.o
LOAD ./drivers/fsl_smc.o
LOAD ./drivers/fsl_uart.o
LOAD ./devices/gcc/startup_MKL25Z4.o
LOAD ./devices/system_MKL25Z4.o
LOAD c:/freescale/kds_v3/toolchain/bin/../lib/gcc/arm-none-eabi/4.8.4/../../../../arm-none-eabi/lib/armv6-m\libg_s.a
LOAD c:/freescale/kds_v3/toolchain/bin/../lib/gcc/arm-none-eabi/4.8.4/armv6-m\libgcc.a
LOAD c:/freescale/kds_v3/toolchain/bin/../lib/gcc/arm-none-eabi/4.8.4/../../../../arm-none-eabi/lib/armv6-m\libnosys.a
END GROUP
LOAD c:/freescale/kds_v3/toolchain/bin/../lib/gcc/arm-none-eabi/4.8.4/../../../../arm-none-eabi/lib/armv6-m\libstdc++_s.a
LOAD c:/freescale/kds_v3/toolchain/bin/../lib/gcc/arm-none-eabi/4.8.4/../../../../arm-none-eabi/lib/armv6-m\libm.a
START GROUP
LOAD c:/freescale/kds_v3/toolchain/bin/../lib/gcc/arm-none-eabi/4.8.4/armv6-m\libgcc.a
LOAD c:/freescale/kds_v3/toolchain/bin/../lib/gcc/arm-none-eabi/4.8.4/../../../../arm-none-eabi/lib/armv6-m\libg_s.a
LOAD c:/freescale/kds_v3/toolchain/bin/../lib/gcc/arm-none-eabi/4.8.4/../../../../arm-none-eabi/lib/armv6-m\libc_s.a
END GROUP
START GROUP
LOAD c:/freescale/kds_v3/toolchain/bin/../lib/gcc/arm-none-eabi/4.8.4/armv6-m\libgcc.a
LOAD c:/freescale/kds_v3/toolchain/bin/../lib/gcc/arm-none-eabi/4.8.4/../../../../arm-none-eabi/lib/armv6-m\libc_s.a
END GROUP
LOAD c:/freescale/kds_v3/toolchain/bin/../lib/gcc/arm-none-eabi/4.8.4/armv6-m/crtend.o
LOAD c:/freescale/kds_v3/toolchain/bin/../lib/gcc/arm-none-eabi/4.8.4/armv6-m/crtn.o
                0x00000400                HEAP_SIZE = DEFINED (__heap_size__)?__heap_size__:0x400
                0x00000400                STACK_SIZE = DEFINED (__stack_size__)?__stack_size__:0x400
                0x00000000                M_VECTOR_RAM_SIZE = DEFINED (__ram_vector_table__)?0x200:0x0

.interrupts     0x00000000       0xc0
                0x00000000                __VECTOR_TABLE = .
                0x00000000                . = ALIGN (0x4)
 *(.isr_vector)
 .isr_vector    0x00000000       0xc0 ./devices/gcc/startup_MKL25Z4.o
                0x00000000                __isr_vector
                0x000000c0                . = ALIGN (0x4)

.flash_config   0x00000400       0x10
                0x00000400                . = ALIGN (0x4)
 *(.FlashConfig)
 .FlashConfig   0x00000400       0x10 ./devices/gcc/startup_MKL25Z4.o
                0x00000410                . = ALIGN (0x4)

.text           0x00000410     0x4410
                0x00000410                . = ALIGN (0x4)
 *(.text)
 .text          0x00000410       0x60 c:/freescale/kds_v3/toolchain/bin/../lib/gcc/arm-none-eabi/4.8.4/armv6-m/crtbegin.o
 .text          0x00000470       0x78 c:/freescale/kds_v3/toolchain/bin/../lib/gcc/arm-none-eabi/4.8.4/../../../../arm-none-eabi/lib/armv6-m/crt0.o
                0x00000470                _start
                0x00000470                _mainCRTStartup
 .text          0x000004e8       0xe8 ./devices/gcc/startup_MKL25Z4.o
                0x000004e8                Reset_Handler
                0x00000548                DMA0_DriverIRQHandler
                0x00000548                SPI0_DriverIRQHandler
                0x00000548                SPI1_DriverIRQHandler
                0x00000548                Reserved45_IRQHandler
                0x00000548                CMP0_IRQHandler
                0x00000548                I2C0_DriverIRQHandler
                0x00000548                DMA2_DriverIRQHandler
                0x00000548                TPM0_IRQHandler
                0x00000548                LLWU_IRQHandler
                0x00000548                TSI0_IRQHandler
                0x00000548                LPTMR0_IRQHandler
                0x00000548                ADC0_IRQHandler
                0x00000548                Reserved39_IRQHandler
                0x00000548                FTFA_IRQHandler
                0x00000548                DefaultISR
                0x00000548                PORTD_IRQHandler
                0x00000548                TPM2_IRQHandler
                0x00000548                RTC_IRQHandler
                0x00000548                MCG_IRQHandler
                0x00000548                DMA3_DriverIRQHandler
                0x00000548                RTC_Seconds_IRQHandler
                0x00000548                DAC0_IRQHandler
                0x00000548                PORTA_IRQHandler
                0x00000548                Reserved20_IRQHandler
                0x00000548                USB0_IRQHandler
                0x00000548                PIT_IRQHandler
                0x00000548                DMA1_DriverIRQHandler
                0x00000548                LVD_LVW_IRQHandler
                0x00000548                I2C1_DriverIRQHandler
                0x00000548                TPM1_IRQHandler
                0x0000054c                NMI_Handler
                0x00000550                HardFault_Handler
                0x00000560                DMA0_IRQHandler
                0x00000564                DMA1_IRQHandler
                0x00000568                DMA2_IRQHandler
                0x0000056c                DMA3_IRQHandler
                0x00000570                I2C0_IRQHandler
                0x00000574                I2C1_IRQHandler
                0x00000578                SPI0_IRQHandler
                0x0000057c                SPI1_IRQHandler
                0x00000580                UART0_IRQHandler
                0x00000584                UART1_IRQHandler
                0x00000588                UART2_IRQHandler
 .text          0x000005d0       0x9c c:/freescale/kds_v3/toolchain/bin/../lib/gcc/arm-none-eabi/4.8.4/armv6-m\libgcc.a(_udivsi3.o)
                0x000005d0                __aeabi_uidiv
                0x000005d0                __udivsi3
                0x00000658                __aeabi_uidivmod
 .text          0x0000066c       0xc0 c:/freescale/kds_v3/toolchain/bin/../lib/gcc/arm-none-eabi/4.8.4/armv6-m\libgcc.a(_divsi3.o)
                0x0000066c                __divsi3
                0x0000066c                __aeabi_idiv
                0x00000718                __aeabi_idivmod
 .text          0x0000072c        0x4 c:/freescale/kds_v3/toolchain/bin/../lib/gcc/arm-none-eabi/4.8.4/armv6-m\libgcc.a(_dvmd_tls.o)
                0x0000072c                __aeabi_idiv0
                0x0000072c                __aeabi_ldiv0
 *(.text*)
 .text.UART_EnableTx
                0x00000730       0x40 ./utilities/fsl_debug_console.o
 .text.UART_EnableRx
                0x00000770       0x40 ./utilities/fsl_debug_console.o
 .text.LPSCI_EnableTx
                0x000007b0       0x40 ./utilities/fsl_debug_console.o
 .text.LPSCI_EnableRx
                0x000007f0       0x40 ./utilities/fsl_debug_console.o
 .text.DbgConsole_Init
                0x00000830       0xfc ./utilities/fsl_debug_console.o
                0x00000830                DbgConsole_Init
 .text.DbgConsole_Printf
                0x0000092c       0x48 ./utilities/fsl_debug_console.o
                0x0000092c                DbgConsole_Printf
 .text.DbgConsole_Putchar
                0x00000974       0x38 ./utilities/fsl_debug_console.o
                0x00000974                DbgConsole_Putchar
 .text.DbgConsole_PrintfPaddingCharacter
                0x000009ac       0x48 ./utilities/fsl_debug_console.o
 .text.DbgConsole_ConvertRadixNumToString
                0x000009f4      0x118 ./utilities/fsl_debug_console.o
 .text.DbgConsole_PrintfFormattedData
                0x00000b0c      0x344 ./utilities/fsl_debug_console.o
 .text.CLOCK_SetLpsci0Clock
                0x00000e50       0x38 ./sources/board.o
 .text.BOARD_InitDebugConsole
                0x00000e88       0x30 ./sources/board.o
                0x00000e88                BOARD_InitDebugConsole
 .text.CLOCK_SetSimSafeDivs
                0x00000eb8       0x1c ./sources/clock_config.o
 .text.CLOCK_SetXtal0Freq
                0x00000ed4       0x18 ./sources/clock_config.o
 .text.CLOCK_CONFIG_SetFllExtRefDiv
                0x00000eec       0x38 ./sources/clock_config.o
 .text.BOARD_BootClockRUN
                0x00000f24       0x68 ./sources/clock_config.o
                0x00000f24                BOARD_BootClockRUN
 .text.main     0x00000f8c       0x38 ./sources/freertos_hello.o
                0x00000f8c                main
 .text.hello_task
                0x00000fc4       0x30 ./sources/freertos_hello.o
 .text.CLOCK_EnableClock
                0x00000ff4       0x34 ./sources/pin_mux.o
 .text.PORT_SetPinMux
                0x00001028       0x3c ./sources/pin_mux.o
 .text.BOARD_InitPins
                0x00001064       0x4c ./sources/pin_mux.o
                0x00001064                BOARD_InitPins
 .text.pvPortMalloc
                0x000010b0      0x14c ./freertos/Source/portable/MemMang/heap_4.o
                0x000010b0                pvPortMalloc
 .text.vPortFree
                0x000011fc       0x8c ./freertos/Source/portable/MemMang/heap_4.o
                0x000011fc                vPortFree
 .text.prvHeapInit
                0x00001288       0xbc ./freertos/Source/portable/MemMang/heap_4.o
 .text.prvInsertBlockIntoFreeList
                0x00001344       0xac ./freertos/Source/portable/MemMang/heap_4.o
 .text.prvSetupTimerInterrupt
                0x000013f0       0x3c ./freertos/Source/portable/GCC/ARM_CM0/fsl_tickless_systick.o
                0x000013f0                prvSetupTimerInterrupt
 .text.pxPortInitialiseStack
                0x0000142c       0x54 ./freertos/Source/portable/GCC/ARM_CM0/port.o
                0x0000142c                pxPortInitialiseStack
 .text.prvTaskExitError
                0x00001480       0x18 ./freertos/Source/portable/GCC/ARM_CM0/port.o
 .text.SVC_Handler
                0x00001498        0x8 ./freertos/Source/portable/GCC/ARM_CM0/port.o
                0x00001498                SVC_Handler
 .text.vPortStartFirstTask
                0x000014a0       0x40 ./freertos/Source/portable/GCC/ARM_CM0/port.o
 .text.xPortStartScheduler
                0x000014e0       0x44 ./freertos/Source/portable/GCC/ARM_CM0/port.o
                0x000014e0                xPortStartScheduler
 .text.vPortYield
                0x00001524       0x1c ./freertos/Source/portable/GCC/ARM_CM0/port.o
                0x00001524                vPortYield
 .text.vPortEnterCritical
                0x00001540       0x20 ./freertos/Source/portable/GCC/ARM_CM0/port.o
                0x00001540                vPortEnterCritical
 .text.vPortExitCritical
                0x00001560       0x2c ./freertos/Source/portable/GCC/ARM_CM0/port.o
                0x00001560                vPortExitCritical
 .text.ulSetInterruptMaskFromISR
                0x0000158c        0xc ./freertos/Source/portable/GCC/ARM_CM0/port.o
                0x0000158c                ulSetInterruptMaskFromISR
 .text.vClearInterruptMaskFromISR
                0x00001598        0x8 ./freertos/Source/portable/GCC/ARM_CM0/port.o
                0x00001598                vClearInterruptMaskFromISR
 .text.PendSV_Handler
                0x000015a0       0x50 ./freertos/Source/portable/GCC/ARM_CM0/port.o
                0x000015a0                PendSV_Handler
 .text.SysTick_Handler
                0x000015f0       0x34 ./freertos/Source/portable/GCC/ARM_CM0/port.o
                0x000015f0                SysTick_Handler
 .text.vListInitialise
                0x00001624       0x3c ./freertos/Source/list.o
                0x00001624                vListInitialise
 .text.vListInitialiseItem
                0x00001660       0x14 ./freertos/Source/list.o
                0x00001660                vListInitialiseItem
 .text.vListInsertEnd
                0x00001674       0x44 ./freertos/Source/list.o
                0x00001674                vListInsertEnd
 .text.vListInsert
                0x000016b8       0x6c ./freertos/Source/list.o
                0x000016b8                vListInsert
 .text.uxListRemove
                0x00001724       0x50 ./freertos/Source/list.o
                0x00001724                uxListRemove
 .text.xQueueGenericReset
                0x00001774       0xac ./freertos/Source/queue.o
                0x00001774                xQueueGenericReset
 .text.xQueueGenericCreate
                0x00001820       0x64 ./freertos/Source/queue.o
                0x00001820                xQueueGenericCreate
 .text.prvInitialiseNewQueue
                0x00001884       0x4c ./freertos/Source/queue.o
 .text.xQueueGenericSend
                0x000018d0      0x1a0 ./freertos/Source/queue.o
                0x000018d0                xQueueGenericSend
 .text.xQueueGenericSendFromISR
                0x00001a70       0xec ./freertos/Source/queue.o
                0x00001a70                xQueueGenericSendFromISR
 .text.xQueueGenericReceive
                0x00001b5c      0x1dc ./freertos/Source/queue.o
                0x00001b5c                xQueueGenericReceive
 .text.prvCopyDataToQueue
                0x00001d38       0xe0 ./freertos/Source/queue.o
 .text.prvCopyDataFromQueue
                0x00001e18       0x50 ./freertos/Source/queue.o
 .text.prvUnlockQueue
                0x00001e68       0xc0 ./freertos/Source/queue.o
 .text.prvIsQueueEmpty
                0x00001f28       0x2c ./freertos/Source/queue.o
 .text.prvIsQueueFull
                0x00001f54       0x30 ./freertos/Source/queue.o
 .text.vQueueAddToRegistry
                0x00001f84       0x4c ./freertos/Source/queue.o
                0x00001f84                vQueueAddToRegistry
 .text.vQueueWaitForMessageRestricted
                0x00001fd0       0x70 ./freertos/Source/queue.o
                0x00001fd0                vQueueWaitForMessageRestricted
 .text.xTaskCreate
                0x00002040       0x90 ./freertos/Source/tasks.o
                0x00002040                xTaskCreate
 .text.prvInitialiseNewTask
                0x000020d0      0x128 ./freertos/Source/tasks.o
 .text.prvAddNewTaskToReadyList
                0x000021f8       0xcc ./freertos/Source/tasks.o
 .text.vTaskStartScheduler
                0x000022c4       0x7c ./freertos/Source/tasks.o
                0x000022c4                vTaskStartScheduler
 .text.vTaskSuspendAll
                0x00002340       0x18 ./freertos/Source/tasks.o
                0x00002340                vTaskSuspendAll
 .text.xTaskResumeAll
                0x00002358      0x118 ./freertos/Source/tasks.o
                0x00002358                xTaskResumeAll
 .text.xTaskGetTickCount
                0x00002470       0x1c ./freertos/Source/tasks.o
                0x00002470                xTaskGetTickCount
 .text.xTaskIncrementTick
                0x0000248c      0x150 ./freertos/Source/tasks.o
                0x0000248c                xTaskIncrementTick
 .text.vTaskSwitchContext
                0x000025dc       0xa0 ./freertos/Source/tasks.o
                0x000025dc                vTaskSwitchContext
 .text.vTaskPlaceOnEventList
                0x0000267c       0x38 ./freertos/Source/tasks.o
                0x0000267c                vTaskPlaceOnEventList
 .text.vTaskPlaceOnEventListRestricted
                0x000026b4       0x48 ./freertos/Source/tasks.o
                0x000026b4                vTaskPlaceOnEventListRestricted
 .text.xTaskRemoveFromEventList
                0x000026fc       0xb8 ./freertos/Source/tasks.o
                0x000026fc                xTaskRemoveFromEventList
 .text.vTaskSetTimeOutState
                0x000027b4       0x30 ./freertos/Source/tasks.o
                0x000027b4                vTaskSetTimeOutState
 .text.xTaskCheckForTimeOut
                0x000027e4       0x9c ./freertos/Source/tasks.o
                0x000027e4                xTaskCheckForTimeOut
 .text.vTaskMissedYield
                0x00002880       0x14 ./freertos/Source/tasks.o
                0x00002880                vTaskMissedYield
 .text.prvIdleTask
                0x00002894       0x20 ./freertos/Source/tasks.o
 .text.prvInitialiseTaskLists
                0x000028b4       0x88 ./freertos/Source/tasks.o
 .text.prvCheckTasksWaitingTermination
                0x0000293c       0x74 ./freertos/Source/tasks.o
 .text.prvDeleteTCB
                0x000029b0       0x20 ./freertos/Source/tasks.o
 .text.prvResetNextTaskUnblockTime
                0x000029d0       0x44 ./freertos/Source/tasks.o
 .text.xTaskGetSchedulerState
                0x00002a14       0x38 ./freertos/Source/tasks.o
                0x00002a14                xTaskGetSchedulerState
 .text.vTaskPriorityInherit
                0x00002a4c       0xbc ./freertos/Source/tasks.o
                0x00002a4c                vTaskPriorityInherit
 .text.xTaskPriorityDisinherit
                0x00002b08       0xb8 ./freertos/Source/tasks.o
                0x00002b08                xTaskPriorityDisinherit
 .text.pvTaskIncrementMutexHeldCount
                0x00002bc0       0x24 ./freertos/Source/tasks.o
                0x00002bc0                pvTaskIncrementMutexHeldCount
 .text.prvAddCurrentTaskToDelayedList
                0x00002be4       0xa8 ./freertos/Source/tasks.o
 .text.xTimerCreateTimerTask
                0x00002c8c       0x58 ./freertos/Source/timers.o
                0x00002c8c                xTimerCreateTimerTask
 .text.xTimerGenericCommand
                0x00002ce4       0xac ./freertos/Source/timers.o
                0x00002ce4                xTimerGenericCommand
 .text.prvProcessExpiredTimer
                0x00002d90       0x74 ./freertos/Source/timers.o
 .text.prvTimerTask
                0x00002e04       0x28 ./freertos/Source/timers.o
 .text.prvProcessTimerOrBlockTask
                0x00002e2c       0x90 ./freertos/Source/timers.o
 .text.prvGetNextExpireTime
                0x00002ebc       0x40 ./freertos/Source/timers.o
 .text.prvSampleTimeNow
                0x00002efc       0x40 ./freertos/Source/timers.o
 .text.prvInsertTimerInActiveList
                0x00002f3c       0x84 ./freertos/Source/timers.o
 .text.prvProcessReceivedCommands
                0x00002fc0      0x140 ./freertos/Source/timers.o
 .text.prvSwitchTimerLists
                0x00003100       0xb8 ./freertos/Source/timers.o
 .text.prvCheckForValidListAndQueue
                0x000031b8       0x74 ./freertos/Source/timers.o
 .text.CLOCK_SetEr32kClock
                0x0000322c       0x30 ./drivers/fsl_clock.o
 .text.CLOCK_SetPllFllSelClock
                0x0000325c       0x38 ./drivers/fsl_clock.o
 .text.OSC_SetExtRefClkConfig
                0x00003294       0x48 ./drivers/fsl_clock.o
 .text.OSC_SetCapLoad
                0x000032dc       0x4c ./drivers/fsl_clock.o
 .text.CLOCK_GetMcgExtClkFreq
                0x00003328       0x34 ./drivers/fsl_clock.o
 .text.CLOCK_GetFllExtRefClkFreq
                0x0000335c       0xa4 ./drivers/fsl_clock.o
 .text.CLOCK_GetFllRefClkFreq
                0x00003400       0x30 ./drivers/fsl_clock.o
 .text.CLOCK_GetPll0RefFreq
                0x00003430       0x10 ./drivers/fsl_clock.o
 .text.CLOCK_GetOscRangeFromFreq
                0x00003440       0x4c ./drivers/fsl_clock.o
 .text.CLOCK_GetPllFllSelClkFreq
                0x0000348c       0x50 ./drivers/fsl_clock.o
                0x0000348c                CLOCK_GetPllFllSelClkFreq
 .text.CLOCK_SetSimConfig
                0x000034dc       0x34 ./drivers/fsl_clock.o
                0x000034dc                CLOCK_SetSimConfig
 .text.CLOCK_GetFllFreq
                0x00003510       0x7c ./drivers/fsl_clock.o
                0x00003510                CLOCK_GetFllFreq
 .text.CLOCK_GetPll0Freq
                0x0000358c       0x80 ./drivers/fsl_clock.o
                0x0000358c                CLOCK_GetPll0Freq
 .text.CLOCK_SetExternalRefClkConfig
                0x0000360c       0x18 ./drivers/fsl_clock.o
                0x0000360c                CLOCK_SetExternalRefClkConfig
 .text.CLOCK_SetInternalRefClkConfig
                0x00003624      0x120 ./drivers/fsl_clock.o
                0x00003624                CLOCK_SetInternalRefClkConfig
 .text.CLOCK_EnablePll0
                0x00003744       0xa4 ./drivers/fsl_clock.o
                0x00003744                CLOCK_EnablePll0
 .text.CLOCK_InitOsc0
                0x000037e8       0x98 ./drivers/fsl_clock.o
                0x000037e8                CLOCK_InitOsc0
 .text.CLOCK_SetPbeMode
                0x00003880       0xc0 ./drivers/fsl_clock.o
                0x00003880                CLOCK_SetPbeMode
 .text.CLOCK_BootToPeeMode
                0x00003940       0x80 ./drivers/fsl_clock.o
                0x00003940                CLOCK_BootToPeeMode
 .text.__assert_func
                0x000039c0       0x28 ./drivers/fsl_common.o
                0x000039c0                __assert_func
 .text.CLOCK_EnableClock
                0x000039e8       0x34 ./drivers/fsl_lpsci.o
 .text.LPSCI_GetInstance
                0x00003a1c       0x54 ./drivers/fsl_lpsci.o
                0x00003a1c                LPSCI_GetInstance
 .text.LPSCI_Init
                0x00003a70      0x280 ./drivers/fsl_lpsci.o
                0x00003a70                LPSCI_Init
 .text.LPSCI_GetDefaultConfig
                0x00003cf0       0x50 ./drivers/fsl_lpsci.o
                0x00003cf0                LPSCI_GetDefaultConfig
 .text.LPSCI_GetStatusFlags
                0x00003d40       0x28 ./drivers/fsl_lpsci.o
                0x00003d40                LPSCI_GetStatusFlags
 .text.LPSCI_ClearStatusFlags
                0x00003d68       0x98 ./drivers/fsl_lpsci.o
                0x00003d68                LPSCI_ClearStatusFlags
 .text.LPSCI_WriteBlocking
                0x00003e00       0x5c ./drivers/fsl_lpsci.o
                0x00003e00                LPSCI_WriteBlocking
 .text.LPSCI_ReadBlocking
                0x00003e5c       0xd4 ./drivers/fsl_lpsci.o
                0x00003e5c                LPSCI_ReadBlocking
 .text.UART0_DriverIRQHandler
                0x00003f30       0x24 ./drivers/fsl_lpsci.o
                0x00003f30                UART0_DriverIRQHandler
 .text.CLOCK_EnableClock
                0x00003f54       0x34 ./drivers/fsl_uart.o
 .text.UART_GetInstance
                0x00003f88       0x60 ./drivers/fsl_uart.o
                0x00003f88                UART_GetInstance
 .text.UART_Init
                0x00003fe8      0x210 ./drivers/fsl_uart.o
                0x00003fe8                UART_Init
 .text.UART_GetDefaultConfig
                0x000041f8       0x50 ./drivers/fsl_uart.o
                0x000041f8                UART_GetDefaultConfig
 .text.UART_GetStatusFlags
                0x00004248       0x28 ./drivers/fsl_uart.o
                0x00004248                UART_GetStatusFlags
 .text.UART_WriteBlocking
                0x00004270       0x3c ./drivers/fsl_uart.o
                0x00004270                UART_WriteBlocking
 .text.UART_ReadBlocking
                0x000042ac       0xac ./drivers/fsl_uart.o
                0x000042ac                UART_ReadBlocking
 .text.UART1_DriverIRQHandler
                0x00004358       0x24 ./drivers/fsl_uart.o
                0x00004358                UART1_DriverIRQHandler
 .text.UART2_DriverIRQHandler
                0x0000437c       0x24 ./drivers/fsl_uart.o
                0x0000437c                UART2_DriverIRQHandler
 .text.SystemInit
                0x000043a0       0x18 ./devices/system_MKL25Z4.o
                0x000043a0                SystemInit
 .text.exit     0x000043b8       0x2c c:/freescale/kds_v3/toolchain/bin/../lib/gcc/arm-none-eabi/4.8.4/../../../../arm-none-eabi/lib/armv6-m\libg_s.a(lib_a-exit.o)
                0x000043b8                exit
 .text.__libc_init_array
                0x000043e4       0x4c c:/freescale/kds_v3/toolchain/bin/../lib/gcc/arm-none-eabi/4.8.4/../../../../arm-none-eabi/lib/armv6-m\libg_s.a(lib_a-init.o)
                0x000043e4                __libc_init_array
 .text.memcpy   0x00004430       0x12 c:/freescale/kds_v3/toolchain/bin/../lib/gcc/arm-none-eabi/4.8.4/../../../../arm-none-eabi/lib/armv6-m\libg_s.a(lib_a-memcpy-stub.o)
                0x00004430                memcpy
 .text.memset   0x00004442       0x10 c:/freescale/kds_v3/toolchain/bin/../lib/gcc/arm-none-eabi/4.8.4/../../../../arm-none-eabi/lib/armv6-m\libg_s.a(lib_a-memset.o)
                0x00004442                memset
 .text.strlen   0x00004452        0xe c:/freescale/kds_v3/toolchain/bin/../lib/gcc/arm-none-eabi/4.8.4/../../../../arm-none-eabi/lib/armv6-m\libg_s.a(lib_a-strlen.o)
                0x00004452                strlen
 .text._exit    0x00004460        0x4 c:/freescale/kds_v3/toolchain/bin/../lib/gcc/arm-none-eabi/4.8.4/../../../../arm-none-eabi/lib/armv6-m\libnosys.a(_exit.o)
                0x00004460                _exit
 *(.rodata)
 .rodata        0x00004464        0xc ./sources/freertos_hello.o
 .rodata        0x00004470       0x18 ./freertos/Source/tasks.o
                0x00004478                FreeRTOSDebugConfig
 .rodata        0x00004488       0x10 ./freertos/Source/timers.o
 .rodata        0x00004498       0x48 ./drivers/fsl_clock.o
 .rodata        0x000044e0       0x40 ./drivers/fsl_common.o
 .rodata        0x00004520       0xb4 ./drivers/fsl_lpsci.o
 .rodata        0x000045d4       0xac ./drivers/fsl_uart.o
 *(.rodata*)
 .rodata.mcgConfig_BOARD_BootClockRUN
                0x00004680        0xc ./sources/clock_config.o
                0x00004680                mcgConfig_BOARD_BootClockRUN
 .rodata.simConfig_BOARD_BootClockRUN
                0x0000468c        0x8 ./sources/clock_config.o
                0x0000468c                simConfig_BOARD_BootClockRUN
 .rodata.oscConfig_BOARD_BootClockRUN
                0x00004694        0x8 ./sources/clock_config.o
                0x00004694                oscConfig_BOARD_BootClockRUN
 .rodata.prvProcessReceivedCommands
                0x0000469c       0x28 ./freertos/Source/timers.o
 .rodata.__func__.5207
                0x000046c4       0x18 ./drivers/fsl_clock.o
 .rodata.fllFactorTable.5313
                0x000046dc       0x10 ./drivers/fsl_clock.o
 .rodata.__func__.5328
                0x000046ec       0x14 ./drivers/fsl_clock.o
 .rodata.__func__.5368
                0x00004700       0x14 ./drivers/fsl_clock.o
 .rodata.__func__.5505
                0x00004714       0x14 ./drivers/fsl_clock.o
 .rodata.__func__.5572
                0x00004728       0x14 ./drivers/fsl_clock.o
 .rodata.__func__.5388
                0x0000473c       0x14 ./drivers/fsl_lpsci.o
 .rodata.__func__.5424
                0x00004750        0xc ./drivers/fsl_lpsci.o
 .rodata.__func__.5445
                0x0000475c       0x18 ./drivers/fsl_lpsci.o
 .rodata.__func__.5490
                0x00004774       0x14 ./drivers/fsl_lpsci.o
 .rodata.__func__.5502
                0x00004788       0x14 ./drivers/fsl_lpsci.o
 .rodata.s_uartBases
                0x0000479c        0xc ./drivers/fsl_uart.o
 .rodata.s_uartClock
                0x000047a8        0xc ./drivers/fsl_uart.o
 .rodata.__func__.5391
                0x000047b4       0x14 ./drivers/fsl_uart.o
 .rodata.__func__.5407
                0x000047c8        0xc ./drivers/fsl_uart.o
 .rodata.__func__.5420
                0x000047d4       0x18 ./drivers/fsl_uart.o
 .rodata.__func__.5478
                0x000047ec       0x14 ./drivers/fsl_uart.o
 .rodata.str1.1
                0x00004800        0x2 c:/freescale/kds_v3/toolchain/bin/../lib/gcc/arm-none-eabi/4.8.4/../../../../arm-none-eabi/lib/armv6-m\libg_s.a(lib_a-impure.o)
 *fill*         0x00004802        0x2 
 .rodata._global_impure_ptr
                0x00004804        0x4 c:/freescale/kds_v3/toolchain/bin/../lib/gcc/arm-none-eabi/4.8.4/../../../../arm-none-eabi/lib/armv6-m\libg_s.a(lib_a-impure.o)
                0x00004804                _global_impure_ptr
 *(.glue_7)
 .glue_7        0x00000000        0x0 linker stubs
 *(.glue_7t)
 .glue_7t       0x00000000        0x0 linker stubs
 *(.eh_frame)
 .eh_frame      0x00004808        0x0 c:/freescale/kds_v3/toolchain/bin/../lib/gcc/arm-none-eabi/4.8.4/armv6-m/crtbegin.o
 *(.init)
 .init          0x00004808        0x4 c:/freescale/kds_v3/toolchain/bin/../lib/gcc/arm-none-eabi/4.8.4/armv6-m/crti.o
                0x00004808                _init
 .init          0x0000480c        0x8 c:/freescale/kds_v3/toolchain/bin/../lib/gcc/arm-none-eabi/4.8.4/armv6-m/crtn.o
 *(.fini)
 .fini          0x00004814        0x4 c:/freescale/kds_v3/toolchain/bin/../lib/gcc/arm-none-eabi/4.8.4/armv6-m/crti.o
                0x00004814                _fini
 .fini          0x00004818        0x8 c:/freescale/kds_v3/toolchain/bin/../lib/gcc/arm-none-eabi/4.8.4/armv6-m/crtn.o
                0x00004820                . = ALIGN (0x4)

.vfp11_veneer   0x00004820        0x0
 .vfp11_veneer  0x00000000        0x0 linker stubs

.v4_bx          0x00004820        0x0
 .v4_bx         0x00000000        0x0 linker stubs

.iplt           0x00004820        0x0
 .iplt          0x00000000        0x0 c:/freescale/kds_v3/toolchain/bin/../lib/gcc/arm-none-eabi/4.8.4/armv6-m/crtbegin.o

.ARM.extab
 *(.ARM.extab* .gnu.linkonce.armextab.*)

.ARM            0x00004820        0x8
                0x00004820                __exidx_start = .
 *(.ARM.exidx*)
 .ARM.exidx     0x00004820        0x8 c:/freescale/kds_v3/toolchain/bin/../lib/gcc/arm-none-eabi/4.8.4/../../../../arm-none-eabi/lib/armv6-m/crt0.o
                0x00004828                __exidx_end = .

.rel.dyn        0x00004828        0x0
 .rel.iplt      0x00000000        0x0 c:/freescale/kds_v3/toolchain/bin/../lib/gcc/arm-none-eabi/4.8.4/armv6-m/crtbegin.o

.ctors          0x00004828        0x0
                0x00004828                __CTOR_LIST__ = .
 *crtbegin.o(.ctors)
 *crtbegin?.o(.ctors)
 *(EXCLUDE_FILE(*crtend.o *crtend?.o) .ctors)
 *(SORT(.ctors.*))
 *(.ctors)
                0x00004828                __CTOR_END__ = .

.dtors          0x00004828        0x0
                0x00004828                __DTOR_LIST__ = .
 *crtbegin.o(.dtors)
 *crtbegin?.o(.dtors)
 *(EXCLUDE_FILE(*crtend.o *crtend?.o) .dtors)
 *(SORT(.dtors.*))
 *(.dtors)
                0x00004828                __DTOR_END__ = .

.preinit_array  0x00004828        0x0
                0x00004828                PROVIDE (__preinit_array_start, .)
 *(.preinit_array*)
                0x00004828                PROVIDE (__preinit_array_end, .)

.init_array     0x00004828        0x4
                0x00004828                PROVIDE (__init_array_start, .)
 *(SORT(.init_array.*))
 *(.init_array*)
 .init_array    0x00004828        0x4 c:/freescale/kds_v3/toolchain/bin/../lib/gcc/arm-none-eabi/4.8.4/armv6-m/crtbegin.o
                0x0000482c                PROVIDE (__init_array_end, .)

.fini_array     0x0000482c        0x4
                0x0000482c                PROVIDE (__fini_array_start, .)
 *(SORT(.fini_array.*))
 *(.fini_array*)
 .fini_array    0x0000482c        0x4 c:/freescale/kds_v3/toolchain/bin/../lib/gcc/arm-none-eabi/4.8.4/armv6-m/crtbegin.o
                0x00004830                PROVIDE (__fini_array_end, .)
                0x00004830                __etext = .
                0x00004830                __DATA_ROM = .

.mtb            0x1ffff000        0x0
                0x1ffff000                . = ALIGN (0x8)
                0x1ffff000                _mtb_start = .
 *(.mtb_buf)
                0x1ffff000                . = ALIGN (0x8)
                0x1ffff000                _mtb_end = .

.interrupts_ram
                0x1ffff000        0x0
                0x1ffff000                . = ALIGN (0x4)
                0x1ffff000                __VECTOR_RAM__ = .
                0x1ffff000                __interrupts_ram_start__ = .
 *(.m_interrupts_ram)
                0x1ffff000                . = (. + M_VECTOR_RAM_SIZE)
                0x1ffff000                . = ALIGN (0x4)
                0x1ffff000                __interrupts_ram_end__ = .
                0x00000000                __VECTOR_RAM = DEFINED (__ram_vector_table__)?__VECTOR_RAM__:ORIGIN (m_interrupts)
                0x00000000                __RAM_VECTOR_TABLE_SIZE_BYTES = DEFINED (__ram_vector_table__)?(__interrupts_ram_end__ - __interrupts_ram_start__):0x0

.data           0x1ffff000       0x70 load address 0x00004830
                0x1ffff000                . = ALIGN (0x4)
                0x1ffff000                __DATA_RAM = .
                0x1ffff000                __data_start__ = .
 *(.data)
 *(.data*)
 .data.uxCriticalNesting
                0x1ffff000        0x4 ./freertos/Source/portable/GCC/ARM_CM0/port.o
 .data.s_slowIrcFreq
                0x1ffff004        0x4 ./drivers/fsl_clock.o
 .data.SystemCoreClock
                0x1ffff008        0x4 ./devices/system_MKL25Z4.o
                0x1ffff008                SystemCoreClock
 .data.impure_data
                0x1ffff00c       0x60 c:/freescale/kds_v3/toolchain/bin/../lib/gcc/arm-none-eabi/4.8.4/../../../../arm-none-eabi/lib/armv6-m\libg_s.a(lib_a-impure.o)
 *(.jcr*)
 .jcr           0x1ffff06c        0x0 c:/freescale/kds_v3/toolchain/bin/../lib/gcc/arm-none-eabi/4.8.4/armv6-m/crtbegin.o
 .jcr           0x1ffff06c        0x4 c:/freescale/kds_v3/toolchain/bin/../lib/gcc/arm-none-eabi/4.8.4/armv6-m/crtend.o
                0x1ffff070                . = ALIGN (0x4)
                0x1ffff070                __data_end__ = .
                0x000048a0                __DATA_END = (__DATA_ROM + (__data_end__ - __data_start__))
                0x00020000                text_end = (ORIGIN (m_text) + 0x1fbf0)
                0x00000001                ASSERT ((__DATA_END <= text_end), region m_text overflowed with text and data)

.igot.plt       0x1ffff070        0x0 load address 0x000048a0
 .igot.plt      0x00000000        0x0 c:/freescale/kds_v3/toolchain/bin/../lib/gcc/arm-none-eabi/4.8.4/armv6-m/crtbegin.o

.bss            0x1ffff070     0x29e0 load address 0x000048a0
                0x1ffff070                . = ALIGN (0x4)
                0x1ffff070                __START_BSS = .
                0x1ffff070                __bss_start__ = .
 *(.bss)
 .bss           0x1ffff070       0x1c c:/freescale/kds_v3/toolchain/bin/../lib/gcc/arm-none-eabi/4.8.4/armv6-m/crtbegin.o
 *(.bss*)
 .bss.s_debugConsole
                0x1ffff08c       0x10 ./utilities/fsl_debug_console.o
 .bss.ucHeap    0x1ffff09c     0x2800 ./freertos/Source/portable/MemMang/heap_4.o
 .bss.xStart    0x2000189c        0x8 ./freertos/Source/portable/MemMang/heap_4.o
 .bss.pxEnd     0x200018a4        0x4 ./freertos/Source/portable/MemMang/heap_4.o
 .bss.xFreeBytesRemaining
                0x200018a8        0x4 ./freertos/Source/portable/MemMang/heap_4.o
 .bss.xMinimumEverFreeBytesRemaining
                0x200018ac        0x4 ./freertos/Source/portable/MemMang/heap_4.o
 .bss.xBlockAllocatedBit
                0x200018b0        0x4 ./freertos/Source/portable/MemMang/heap_4.o
 .bss.xQueueRegistry
                0x200018b4       0x40 ./freertos/Source/queue.o
                0x200018b4                xQueueRegistry
 .bss.pxCurrentTCB
                0x200018f4        0x4 ./freertos/Source/tasks.o
                0x200018f4                pxCurrentTCB
 .bss.pxReadyTasksLists
                0x200018f8       0x64 ./freertos/Source/tasks.o
 .bss.xDelayedTaskList1
                0x2000195c       0x14 ./freertos/Source/tasks.o
 .bss.xDelayedTaskList2
                0x20001970       0x14 ./freertos/Source/tasks.o
 .bss.pxDelayedTaskList
                0x20001984        0x4 ./freertos/Source/tasks.o
 .bss.pxOverflowDelayedTaskList
                0x20001988        0x4 ./freertos/Source/tasks.o
 .bss.xPendingReadyList
                0x2000198c       0x14 ./freertos/Source/tasks.o
 .bss.xTasksWaitingTermination
                0x200019a0       0x14 ./freertos/Source/tasks.o
 .bss.uxDeletedTasksWaitingCleanUp
                0x200019b4        0x4 ./freertos/Source/tasks.o
 .bss.xSuspendedTaskList
                0x200019b8       0x14 ./freertos/Source/tasks.o
 .bss.uxCurrentNumberOfTasks
                0x200019cc        0x4 ./freertos/Source/tasks.o
 .bss.xTickCount
                0x200019d0        0x4 ./freertos/Source/tasks.o
 .bss.uxTopReadyPriority
                0x200019d4        0x4 ./freertos/Source/tasks.o
 .bss.xSchedulerRunning
                0x200019d8        0x4 ./freertos/Source/tasks.o
 .bss.uxPendedTicks
                0x200019dc        0x4 ./freertos/Source/tasks.o
 .bss.xYieldPending
                0x200019e0        0x4 ./freertos/Source/tasks.o
 .bss.xNumOfOverflows
                0x200019e4        0x4 ./freertos/Source/tasks.o
 .bss.uxTaskNumber
                0x200019e8        0x4 ./freertos/Source/tasks.o
 .bss.xNextTaskUnblockTime
                0x200019ec        0x4 ./freertos/Source/tasks.o
 .bss.xIdleTaskHandle
                0x200019f0        0x4 ./freertos/Source/tasks.o
 .bss.uxSchedulerSuspended
                0x200019f4        0x4 ./freertos/Source/tasks.o
 .bss.xActiveTimerList1
                0x200019f8       0x14 ./freertos/Source/timers.o
 .bss.xActiveTimerList2
                0x20001a0c       0x14 ./freertos/Source/timers.o
 .bss.pxCurrentTimerList
                0x20001a20        0x4 ./freertos/Source/timers.o
 .bss.pxOverflowTimerList
                0x20001a24        0x4 ./freertos/Source/timers.o
 .bss.xTimerQueue
                0x20001a28        0x4 ./freertos/Source/timers.o
 .bss.xTimerTaskHandle
                0x20001a2c        0x4 ./freertos/Source/timers.o
 .bss.xLastTime.4845
                0x20001a30        0x4 ./freertos/Source/timers.o
 .bss.g_xtal0Freq
                0x20001a34        0x4 ./drivers/fsl_clock.o
                0x20001a34                g_xtal0Freq
 .bss.s_lpsciHandle
                0x20001a38        0x4 ./drivers/fsl_lpsci.o
 .bss.s_lpsciIsr
                0x20001a3c        0x4 ./drivers/fsl_lpsci.o
 .bss.s_uartHandle
                0x20001a40        0xc ./drivers/fsl_uart.o
 .bss.s_uartIsr
                0x20001a4c        0x4 ./drivers/fsl_uart.o
 *(COMMON)
                0x20001a50                . = ALIGN (0x4)
                0x20001a50                __bss_end__ = .
                0x20001a50                __END_BSS = .

.heap           0x20001a50      0x400 load address 0x00007280
                0x20001a50                . = ALIGN (0x8)
                0x20001a50                __end__ = .
                0x20001a50                PROVIDE (end, .)
                0x20001a50                __HeapBase = .
                0x20001e50                . = (. + HEAP_SIZE)
 *fill*         0x20001a50      0x400 
                0x20001e50                __HeapLimit = .
                0x20001e50                __heap_limit = .

.stack          0x20001e50      0x400 load address 0x00007680
                0x20001e50                . = ALIGN (0x8)
                0x20002250                . = (. + STACK_SIZE)
 *fill*         0x20001e50      0x400 
                0x20003000                __StackTop = (ORIGIN (m_data) + 0x4000)
                0x20002c00                __StackLimit = (__StackTop - STACK_SIZE)
                0x20003000                PROVIDE (__stack, __StackTop)

.ARM.attributes
                0x00000000       0x28
 *(.ARM.attributes)
 .ARM.attributes
                0x00000000       0x1e c:/freescale/kds_v3/toolchain/bin/../lib/gcc/arm-none-eabi/4.8.4/armv6-m/crti.o
 .ARM.attributes
                0x0000001e       0x2c c:/freescale/kds_v3/toolchain/bin/../lib/gcc/arm-none-eabi/4.8.4/armv6-m/crtbegin.o
 .ARM.attributes
                0x0000004a       0x1b c:/freescale/kds_v3/toolchain/bin/../lib/gcc/arm-none-eabi/4.8.4/../../../../arm-none-eabi/lib/armv6-m/crt0.o
 .ARM.attributes
                0x00000065       0x32 ./utilities/fsl_debug_console.o
 .ARM.attributes
                0x00000097       0x32 ./sources/board.o
 .ARM.attributes
                0x000000c9       0x32 ./sources/clock_config.o
 .ARM.attributes
                0x000000fb       0x32 ./sources/freertos_hello.o
 .ARM.attributes
                0x0000012d       0x32 ./sources/pin_mux.o
 .ARM.attributes
                0x0000015f       0x32 ./freertos/Source/portable/MemMang/heap_4.o
 .ARM.attributes
                0x00000191       0x32 ./freertos/Source/portable/GCC/ARM_CM0/fsl_tickless_systick.o
 .ARM.attributes
                0x000001c3       0x32 ./freertos/Source/portable/GCC/ARM_CM0/port.o
 .ARM.attributes
                0x000001f5       0x32 ./freertos/Source/list.o
 .ARM.attributes
                0x00000227       0x32 ./freertos/Source/queue.o
 .ARM.attributes
                0x00000259       0x32 ./freertos/Source/tasks.o
 .ARM.attributes
                0x0000028b       0x32 ./freertos/Source/timers.o
 .ARM.attributes
                0x000002bd       0x32 ./drivers/fsl_clock.o
 .ARM.attributes
                0x000002ef       0x32 ./drivers/fsl_common.o
 .ARM.attributes
                0x00000321       0x32 ./drivers/fsl_lpsci.o
 .ARM.attributes
                0x00000353       0x32 ./drivers/fsl_uart.o
 .ARM.attributes
                0x00000385       0x1b ./devices/gcc/startup_MKL25Z4.o
 .ARM.attributes
                0x000003a0       0x32 ./devices/system_MKL25Z4.o
 .ARM.attributes
                0x000003d2       0x2c c:/freescale/kds_v3/toolchain/bin/../lib/gcc/arm-none-eabi/4.8.4/../../../../arm-none-eabi/lib/armv6-m\libg_s.a(lib_a-exit.o)
 .ARM.attributes
                0x000003fe       0x2c c:/freescale/kds_v3/toolchain/bin/../lib/gcc/arm-none-eabi/4.8.4/../../../../arm-none-eabi/lib/armv6-m\libg_s.a(lib_a-impure.o)
 .ARM.attributes
                0x0000042a       0x2c c:/freescale/kds_v3/toolchain/bin/../lib/gcc/arm-none-eabi/4.8.4/../../../../arm-none-eabi/lib/armv6-m\libg_s.a(lib_a-init.o)
 .ARM.attributes
                0x00000456       0x2c c:/freescale/kds_v3/toolchain/bin/../lib/gcc/arm-none-eabi/4.8.4/../../../../arm-none-eabi/lib/armv6-m\libg_s.a(lib_a-memcpy-stub.o)
 .ARM.attributes
                0x00000482       0x2c c:/freescale/kds_v3/toolchain/bin/../lib/gcc/arm-none-eabi/4.8.4/../../../../arm-none-eabi/lib/armv6-m\libg_s.a(lib_a-memset.o)
 .ARM.attributes
                0x000004ae       0x2c c:/freescale/kds_v3/toolchain/bin/../lib/gcc/arm-none-eabi/4.8.4/../../../../arm-none-eabi/lib/armv6-m\libg_s.a(lib_a-strlen.o)
 .ARM.attributes
                0x000004da       0x1e c:/freescale/kds_v3/toolchain/bin/../lib/gcc/arm-none-eabi/4.8.4/armv6-m\libgcc.a(_udivsi3.o)
 .ARM.attributes
                0x000004f8       0x1e c:/freescale/kds_v3/toolchain/bin/../lib/gcc/arm-none-eabi/4.8.4/armv6-m\libgcc.a(_divsi3.o)
 .ARM.attributes
                0x00000516       0x1e c:/freescale/kds_v3/toolchain/bin/../lib/gcc/arm-none-eabi/4.8.4/armv6-m\libgcc.a(_dvmd_tls.o)
 .ARM.attributes
                0x00000534       0x2c c:/freescale/kds_v3/toolchain/bin/../lib/gcc/arm-none-eabi/4.8.4/../../../../arm-none-eabi/lib/armv6-m\libnosys.a(_exit.o)
 .ARM.attributes
                0x00000560       0x2c c:/freescale/kds_v3/toolchain/bin/../lib/gcc/arm-none-eabi/4.8.4/armv6-m/crtend.o
 .ARM.attributes
                0x0000058c       0x1e c:/freescale/kds_v3/toolchain/bin/../lib/gcc/arm-none-eabi/4.8.4/armv6-m/crtn.o
                0x00000001                ASSERT ((__StackLimit >= __HeapLimit), region m_data overflowed with stack and heap)
OUTPUT(UART0.elf elf32-littlearm)

.debug_info     0x00000000     0xa791
 .debug_info    0x00000000      0xe18 ./utilities/fsl_debug_console.o
 .debug_info    0x00000e18      0x387 ./sources/board.o
 .debug_info    0x0000119f      0x9e2 ./sources/clock_config.o
 .debug_info    0x00001b81      0x1c5 ./sources/freertos_hello.o
 .debug_info    0x00001d46      0x537 ./sources/pin_mux.o
 .debug_info    0x0000227d      0x2d9 ./freertos/Source/portable/MemMang/heap_4.o
 .debug_info    0x00002556       0xac ./freertos/Source/portable/GCC/ARM_CM0/fsl_tickless_systick.o
 .debug_info    0x00002602      0x21e ./freertos/Source/portable/GCC/ARM_CM0/port.o
 .debug_info    0x00002820      0x292 ./freertos/Source/list.o
 .debug_info    0x00002ab2      0xdf7 ./freertos/Source/queue.o
 .debug_info    0x000038a9     0x175c ./freertos/Source/tasks.o
 .debug_info    0x00005005      0xab9 ./freertos/Source/timers.o
 .debug_info    0x00005abe     0x19b0 ./drivers/fsl_clock.o
 .debug_info    0x0000746e      0x430 ./drivers/fsl_common.o
 .debug_info    0x0000789e     0x1598 ./drivers/fsl_lpsci.o
 .debug_info    0x00008e36     0x151e ./drivers/fsl_uart.o
 .debug_info    0x0000a354       0x78 ./devices/gcc/startup_MKL25Z4.o
 .debug_info    0x0000a3cc      0x3c5 ./devices/system_MKL25Z4.o

.debug_abbrev   0x00000000     0x1c30
 .debug_abbrev  0x00000000      0x251 ./utilities/fsl_debug_console.o
 .debug_abbrev  0x00000251      0x115 ./sources/board.o
 .debug_abbrev  0x00000366      0x1d4 ./sources/clock_config.o
 .debug_abbrev  0x0000053a      0x101 ./sources/freertos_hello.o
 .debug_abbrev  0x0000063b      0x152 ./sources/pin_mux.o
 .debug_abbrev  0x0000078d      0x158 ./freertos/Source/portable/MemMang/heap_4.o
 .debug_abbrev  0x000008e5       0x60 ./freertos/Source/portable/GCC/ARM_CM0/fsl_tickless_systick.o
 .debug_abbrev  0x00000945      0x15d ./freertos/Source/portable/GCC/ARM_CM0/port.o
 .debug_abbrev  0x00000aa2       0xbe ./freertos/Source/list.o
 .debug_abbrev  0x00000b60      0x1a3 ./freertos/Source/queue.o
 .debug_abbrev  0x00000d03      0x253 ./freertos/Source/tasks.o
 .debug_abbrev  0x00000f56      0x1a9 ./freertos/Source/timers.o
 .debug_abbrev  0x000010ff      0x2de ./drivers/fsl_clock.o
 .debug_abbrev  0x000013dd      0x21f ./drivers/fsl_common.o
 .debug_abbrev  0x000015fc      0x281 ./drivers/fsl_lpsci.o
 .debug_abbrev  0x0000187d      0x299 ./drivers/fsl_uart.o
 .debug_abbrev  0x00001b16       0x14 ./devices/gcc/startup_MKL25Z4.o
 .debug_abbrev  0x00001b2a      0x106 ./devices/system_MKL25Z4.o

.debug_aranges  0x00000000      0xb08
 .debug_aranges
                0x00000000       0xa0 ./utilities/fsl_debug_console.o
 .debug_aranges
                0x000000a0       0x28 ./sources/board.o
 .debug_aranges
                0x000000c8       0x50 ./sources/clock_config.o
 .debug_aranges
                0x00000118       0x28 ./sources/freertos_hello.o
 .debug_aranges
                0x00000140       0x30 ./sources/pin_mux.o
 .debug_aranges
                0x00000170       0x50 ./freertos/Source/portable/MemMang/heap_4.o
 .debug_aranges
                0x000001c0       0x20 ./freertos/Source/portable/GCC/ARM_CM0/fsl_tickless_systick.o
 .debug_aranges
                0x000001e0       0x80 ./freertos/Source/portable/GCC/ARM_CM0/port.o
 .debug_aranges
                0x00000260       0x40 ./freertos/Source/list.o
 .debug_aranges
                0x000002a0      0x118 ./freertos/Source/queue.o
 .debug_aranges
                0x000003b8      0x1e8 ./freertos/Source/tasks.o
 .debug_aranges
                0x000005a0       0xc8 ./freertos/Source/timers.o
 .debug_aranges
                0x00000668      0x1d8 ./drivers/fsl_clock.o
 .debug_aranges
                0x00000840       0x38 ./drivers/fsl_common.o
 .debug_aranges
                0x00000878      0x118 ./drivers/fsl_lpsci.o
 .debug_aranges
                0x00000990      0x130 ./drivers/fsl_uart.o
 .debug_aranges
                0x00000ac0       0x20 ./devices/gcc/startup_MKL25Z4.o
 .debug_aranges
                0x00000ae0       0x28 ./devices/system_MKL25Z4.o

.debug_ranges   0x00000000      0x9d8
 .debug_ranges  0x00000000       0x90 ./utilities/fsl_debug_console.o
 .debug_ranges  0x00000090       0x18 ./sources/board.o
 .debug_ranges  0x000000a8       0x40 ./sources/clock_config.o
 .debug_ranges  0x000000e8       0x18 ./sources/freertos_hello.o
 .debug_ranges  0x00000100       0x20 ./sources/pin_mux.o
 .debug_ranges  0x00000120       0x40 ./freertos/Source/portable/MemMang/heap_4.o
 .debug_ranges  0x00000160       0x10 ./freertos/Source/portable/GCC/ARM_CM0/fsl_tickless_systick.o
 .debug_ranges  0x00000170       0x70 ./freertos/Source/portable/GCC/ARM_CM0/port.o
 .debug_ranges  0x000001e0       0x30 ./freertos/Source/list.o
 .debug_ranges  0x00000210      0x108 ./freertos/Source/queue.o
 .debug_ranges  0x00000318      0x1d8 ./freertos/Source/tasks.o
 .debug_ranges  0x000004f0       0xb8 ./freertos/Source/timers.o
 .debug_ranges  0x000005a8      0x1c8 ./drivers/fsl_clock.o
 .debug_ranges  0x00000770       0x28 ./drivers/fsl_common.o
 .debug_ranges  0x00000798      0x108 ./drivers/fsl_lpsci.o
 .debug_ranges  0x000008a0      0x120 ./drivers/fsl_uart.o
 .debug_ranges  0x000009c0       0x18 ./devices/system_MKL25Z4.o

.debug_line     0x00000000     0x3f3e
 .debug_line    0x00000000      0x569 ./utilities/fsl_debug_console.o
 .debug_line    0x00000569       0xde ./sources/board.o
 .debug_line    0x00000647      0x178 ./sources/clock_config.o
 .debug_line    0x000007bf       0xf8 ./sources/freertos_hello.o
 .debug_line    0x000008b7      0x108 ./sources/pin_mux.o
 .debug_line    0x000009bf      0x1cd ./freertos/Source/portable/MemMang/heap_4.o
 .debug_line    0x00000b8c       0xd4 ./freertos/Source/portable/GCC/ARM_CM0/fsl_tickless_systick.o
 .debug_line    0x00000c60      0x1f7 ./freertos/Source/portable/GCC/ARM_CM0/port.o
 .debug_line    0x00000e57      0x16e ./freertos/Source/list.o
 .debug_line    0x00000fc5      0x705 ./freertos/Source/queue.o
 .debug_line    0x000016ca      0xbf0 ./freertos/Source/tasks.o
 .debug_line    0x000022ba      0x3f3 ./freertos/Source/timers.o
 .debug_line    0x000026ad      0x85d ./drivers/fsl_clock.o
 .debug_line    0x00002f0a      0x1c3 ./drivers/fsl_common.o
 .debug_line    0x000030cd      0x644 ./drivers/fsl_lpsci.o
 .debug_line    0x00003711      0x654 ./drivers/fsl_uart.o
 .debug_line    0x00003d65       0xd9 ./devices/gcc/startup_MKL25Z4.o
 .debug_line    0x00003e3e      0x100 ./devices/system_MKL25Z4.o

.debug_str      0x00000000     0x5294
 .debug_str     0x00000000      0xcbc ./utilities/fsl_debug_console.o
                                0xd60 (size before relaxing)
 .debug_str     0x00000cbc      0x124 ./sources/board.o
                                0x316 (size before relaxing)
 .debug_str     0x00000de0      0x63b ./sources/clock_config.o
                                0xdb4 (size before relaxing)
 .debug_str     0x0000141b       0x6c ./sources/freertos_hello.o
                                0x25e (size before relaxing)
 .debug_str     0x00001487      0x2e8 ./sources/pin_mux.o
                                0x5af (size before relaxing)
 .debug_str     0x0000176f      0x1eb ./freertos/Source/portable/MemMang/heap_4.o
                                0x3b7 (size before relaxing)
 .debug_str     0x0000195a       0x61 ./freertos/Source/portable/GCC/ARM_CM0/fsl_tickless_systick.o
                                0x237 (size before relaxing)
 .debug_str     0x000019bb      0x183 ./freertos/Source/portable/GCC/ARM_CM0/port.o
                                0x361 (size before relaxing)
 .debug_str     0x00001b3e      0x12c ./freertos/Source/list.o
                                0x31f (size before relaxing)
 .debug_str     0x00001c6a      0x56c ./freertos/Source/queue.o
                                0x83c (size before relaxing)
 .debug_str     0x000021d6      0xbfc ./freertos/Source/tasks.o
                                0xfba (size before relaxing)
 .debug_str     0x00002dd2      0x4e4 ./freertos/Source/timers.o
                                0x7fc (size before relaxing)
 .debug_str     0x000032b6      0xac6 ./drivers/fsl_clock.o
                               0x17d9 (size before relaxing)
 .debug_str     0x00003d7c      0x30c ./drivers/fsl_common.o
                                0x4fc (size before relaxing)
 .debug_str     0x00004088      0x9a2 ./drivers/fsl_lpsci.o
                               0x15a1 (size before relaxing)
 .debug_str     0x00004a2a      0x819 ./drivers/fsl_uart.o
                               0x15ad (size before relaxing)
 .debug_str     0x00005243       0x51 ./devices/system_MKL25Z4.o
                                0x31e (size before relaxing)

.comment        0x00000000       0x70
 .comment       0x00000000       0x70 ./utilities/fsl_debug_console.o
                                 0x71 (size before relaxing)
 .comment       0x00000000       0x71 ./sources/board.o
 .comment       0x00000000       0x71 ./sources/clock_config.o
 .comment       0x00000000       0x71 ./sources/freertos_hello.o
 .comment       0x00000000       0x71 ./sources/pin_mux.o
 .comment       0x00000000       0x71 ./freertos/Source/portable/MemMang/heap_4.o
 .comment       0x00000000       0x71 ./freertos/Source/portable/GCC/ARM_CM0/fsl_tickless_systick.o
 .comment       0x00000000       0x71 ./freertos/Source/portable/GCC/ARM_CM0/port.o
 .comment       0x00000000       0x71 ./freertos/Source/list.o
 .comment       0x00000000       0x71 ./freertos/Source/queue.o
 .comment       0x00000000       0x71 ./freertos/Source/tasks.o
 .comment       0x00000000       0x71 ./freertos/Source/timers.o
 .comment       0x00000000       0x71 ./drivers/fsl_clock.o
 .comment       0x00000000       0x71 ./drivers/fsl_common.o
 .comment       0x00000000       0x71 ./drivers/fsl_lpsci.o
 .comment       0x00000000       0x71 ./drivers/fsl_uart.o
 .comment       0x00000000       0x71 ./devices/system_MKL25Z4.o

.debug_frame    0x00000000     0x2684
 .debug_frame   0x00000000      0x22c ./utilities/fsl_debug_console.o
 .debug_frame   0x0000022c       0x50 ./sources/board.o
 .debug_frame   0x0000027c       0xe4 ./sources/clock_config.o
 .debug_frame   0x00000360       0x50 ./sources/freertos_hello.o
 .debug_frame   0x000003b0       0x6c ./sources/pin_mux.o
 .debug_frame   0x0000041c       0xe4 ./freertos/Source/portable/MemMang/heap_4.o
 .debug_frame   0x00000500       0x30 ./freertos/Source/portable/GCC/ARM_CM0/fsl_tickless_systick.o
 .debug_frame   0x00000530      0x154 ./freertos/Source/portable/GCC/ARM_CM0/port.o
 .debug_frame   0x00000684       0xb0 ./freertos/Source/list.o
 .debug_frame   0x00000734      0x410 ./freertos/Source/queue.o
 .debug_frame   0x00000b44      0x73c ./freertos/Source/tasks.o
 .debug_frame   0x00001280      0x2c8 ./freertos/Source/timers.o
 .debug_frame   0x00001548      0x6d8 ./drivers/fsl_clock.o
 .debug_frame   0x00001c20       0x90 ./drivers/fsl_common.o
 .debug_frame   0x00001cb0      0x40c ./drivers/fsl_lpsci.o
 .debug_frame   0x000020bc      0x460 ./drivers/fsl_uart.o
 .debug_frame   0x0000251c       0x4c ./devices/system_MKL25Z4.o
 .debug_frame   0x00002568       0x28 c:/freescale/kds_v3/toolchain/bin/../lib/gcc/arm-none-eabi/4.8.4/../../../../arm-none-eabi/lib/armv6-m\libg_s.a(lib_a-exit.o)
 .debug_frame   0x00002590       0x2c c:/freescale/kds_v3/toolchain/bin/../lib/gcc/arm-none-eabi/4.8.4/../../../../arm-none-eabi/lib/armv6-m\libg_s.a(lib_a-init.o)
 .debug_frame   0x000025bc       0x28 c:/freescale/kds_v3/toolchain/bin/../lib/gcc/arm-none-eabi/4.8.4/../../../../arm-none-eabi/lib/armv6-m\libg_s.a(lib_a-memcpy-stub.o)
 .debug_frame   0x000025e4       0x20 c:/freescale/kds_v3/toolchain/bin/../lib/gcc/arm-none-eabi/4.8.4/../../../../arm-none-eabi/lib/armv6-m\libg_s.a(lib_a-memset.o)
 .debug_frame   0x00002604       0x20 c:/freescale/kds_v3/toolchain/bin/../lib/gcc/arm-none-eabi/4.8.4/../../../../arm-none-eabi/lib/armv6-m\libg_s.a(lib_a-strlen.o)
 .debug_frame   0x00002624       0x20 c:/freescale/kds_v3/toolchain/bin/../lib/gcc/arm-none-eabi/4.8.4/armv6-m\libgcc.a(_udivsi3.o)
 .debug_frame   0x00002644       0x20 c:/freescale/kds_v3/toolchain/bin/../lib/gcc/arm-none-eabi/4.8.4/armv6-m\libgcc.a(_divsi3.o)
 .debug_frame   0x00002664       0x20 c:/freescale/kds_v3/toolchain/bin/../lib/gcc/arm-none-eabi/4.8.4/../../../../arm-none-eabi/lib/armv6-m\libnosys.a(_exit.o)
